Component: ARM Compiler 5.06 update 6 (build 750) Tool: armlink [4d35ed]

==============================================================================

Section Cross References

    main.o(.text) refers to cpu_core.o(.text) for CPU_Init
    main.o(.text) refers to os_stat.o(.text) for OSStatTaskCPUUsageInit
    main.o(.text) refers to os_core.o(.text) for OSSchedRoundRobinCfg
    main.o(.text) refers to os_task.o(.text) for OSTaskCreate
    main.o(.text) refers to noretval__2printf.o(.text) for __2printf
    main.o(.text) refers to os_flag.o(.text) for OSFlagCreate
    main.o(.text) refers to cpu_a.o(.text) for CPU_SR_Save
    main.o(.text) refers to os_sem.o(.text) for OSSemCreate
    main.o(.text) refers to system.o(.text) for My_Init
    main.o(.text) refers to main.o(.bss) for MAIN_TASK_STK
    main.o(.text) refers to undm.o(.text) for undm_task
    main.o(.text) refers to os_var.o(.data) for OSSchedLockNestingCtr
    system_stm32f4xx.o(.text) refers to system_stm32f4xx.o(.data) for SystemCoreClock
    move.o(.text) refers to dmul.o(x$fpl$dmul) for __aeabi_dmul
    move.o(.text) refers to ddiv.o(x$fpl$ddiv) for __aeabi_ddiv
    move.o(.text) refers to daddsub_clz.o(x$fpl$drsb) for __aeabi_drsub
    move.o(.text) refers to dfix.o(x$fpl$dfix) for __aeabi_d2iz
    move.o(.text) refers to daddsub_clz.o(x$fpl$dadd) for __aeabi_dadd
    move.o(.text) refers to servo.o(.text) for SDO_Write
    move.o(.text) refers to deqf.o(x$fpl$deqf) for __aeabi_cdcmpeq
    move.o(.text) refers to key.o(.text) for KEY_Scan
    move.o(.text) refers to f2d.o(x$fpl$f2d) for __aeabi_f2d
    move.o(.text) refers to system.o(.bss) for my_agv
    move.o(.text) refers to move.o(.data) for vel
    system.o(.text) refers to misc.o(.text) for NVIC_PriorityGroupConfig
    system.o(.text) refers to delay.o(.text) for delay_init
    system.o(.text) refers to usart.o(.text) for uart_init
    system.o(.text) refers to led.o(.text) for LED_Init
    system.o(.text) refers to key.o(.text) for KEY_Init
    system.o(.text) refers to can.o(.text) for CAN1_Mode_Init
    system.o(.text) refers to servo.o(.text) for Servo_Init
    system.o(.text) refers to iwdg.o(.text) for IWDG_Init
    system.o(.text) refers to noretval__2printf.o(.text) for __2printf
    system.o(.text) refers to os_time.o(.text) for OSTimeDlyHMSM
    system.o(.text) refers to os_task.o(.text) for OSTaskQPend
    system.o(.text) refers to respond.o(.text) for IPC_Set
    system.o(.text) refers to os_core.o(.text) for OSSched
    system.o(.text) refers to move.o(.text) for Car_Control
    system.o(.text) refers to system.o(.bss) for my_agv
    system.o(.text) refers to system.o(.data) for time
    respond.o(.text) refers to usart.o(.text) for AGV_SendMsg
    respond.o(.text) refers to f2d.o(x$fpl$f2d) for __aeabi_f2d
    respond.o(.text) refers to move.o(.text) for Kinematic_Analysis
    delay.o(.text) refers to os_core.o(.text) for OSSchedLock
    delay.o(.text) refers to os_time.o(.text) for OSTimeDly
    delay.o(.text) refers to misc.o(.text) for SysTick_CLKSourceConfig
    delay.o(.text) refers to os_var.o(.data) for OSRunning
    delay.o(.text) refers to delay.o(.data) for fac_us
    delay.o(.text) refers to os_cfg_app.o(.constdata) for OSCfg_TickRate_Hz
    usart.o(.rev16_text) refers (Special) to use_no_semi_2.o(.text) for __use_no_semihosting
    usart.o(.revsh_text) refers (Special) to use_no_semi_2.o(.text) for __use_no_semihosting
    usart.o(.text) refers (Special) to use_no_semi_2.o(.text) for __use_no_semihosting
    usart.o(.text) refers to stm32f4xx_rcc.o(.text) for RCC_AHB1PeriphClockCmd
    usart.o(.text) refers to stm32f4xx_gpio.o(.text) for GPIO_PinAFConfig
    usart.o(.text) refers to stm32f4xx_usart.o(.text) for USART_Init
    usart.o(.text) refers to misc.o(.text) for NVIC_Init
    usart.o(.text) refers to os_core.o(.text) for OSIntEnter
    usart.o(.text) refers to stm32f4xx_dma.o(.text) for DMA_Cmd
    usart.o(.text) refers to rt_memcpy_v6.o(.text) for __aeabi_memcpy
    usart.o(.text) refers to os_task.o(.text) for OSTaskQPost
    usart.o(.text) refers to dma.o(.text) for DMA_Config
    usart.o(.text) refers to usart.o(.bss) for USART1_RxBuffer
    usart.o(.text) refers to usart.o(.data) for USART1_RxCnt
    usart.o(.text) refers to main.o(.bss) for RESPOND_TaskTCB
    usart.o(.bss) refers (Special) to use_no_semi_2.o(.text) for __use_no_semihosting
    usart.o(.data) refers (Special) to use_no_semi_2.o(.text) for __use_no_semihosting
    can.o(.text) refers to servo.o(.text) for PDO_Back
    can.o(.text) refers to os_sem.o(.text) for OSSemPost
    can.o(.text) refers to iwdg.o(.text) for IWDG_Feed
    can.o(.text) refers to os_core.o(.text) for OSIntEnter
    can.o(.text) refers to stm32f4xx_can.o(.text) for CAN_Receive
    can.o(.text) refers to cpu_a.o(.text) for CPU_SR_Save
    can.o(.text) refers to rt_memcpy_v6.o(.text) for __aeabi_memcpy
[...]
    USART_WakeUpConfig                       0x080026e9   Thumb Code    18  stm32f4xx_usart.o(.text)
    USART_LINBreakDetectLengthConfig         0x080026fb   Thumb Code    18  stm32f4xx_usart.o(.text)
    USART_LINCmd                             0x0800270d   Thumb Code    24  stm32f4xx_usart.o(.text)
    USART_SendBreak                          0x08002725   Thumb Code    10  stm32f4xx_usart.o(.text)
    USART_HalfDuplexCmd                      0x0800272f   Thumb Code    24  stm32f4xx_usart.o(.text)
    USART_SetGuardTime                       0x08002747   Thumb Code    16  stm32f4xx_usart.o(.text)
    USART_SmartCardCmd                       0x08002757   Thumb Code    24  stm32f4xx_usart.o(.text)
    USART_SmartCardNACKCmd                   0x0800276f   Thumb Code    24  stm32f4xx_usart.o(.text)
    USART_IrDAConfig                         0x08002787   Thumb Code    18  stm32f4xx_usart.o(.text)
    USART_IrDACmd                            0x08002799   Thumb Code    24  stm32f4xx_usart.o(.text)
    USART_DMACmd                             0x080027b1   Thumb Code    18  stm32f4xx_usart.o(.text)
    USART_ITConfig                           0x080027c3   Thumb Code    74  stm32f4xx_usart.o(.text)
    USART_GetFlagStatus                      0x0800280d   Thumb Code    26  stm32f4xx_usart.o(.text)
    USART_ClearFlag                          0x08002827   Thumb Code    18  stm32f4xx_usart.o(.text)
    USART_GetITStatus                        0x08002839   Thumb Code   118  stm32f4xx_usart.o(.text)
    USART_ClearITPendingBit                  0x080028af   Thumb Code    30  stm32f4xx_usart.o(.text)
    TIM_DeInit                               0x080028cd   Thumb Code   346  stm32f4xx_tim.o(.text)
    TIM_TimeBaseInit                         0x08002a27   Thumb Code   104  stm32f4xx_tim.o(.text)
    TIM_TimeBaseStructInit                   0x08002a8f   Thumb Code    18  stm32f4xx_tim.o(.text)
    TIM_PrescalerConfig                      0x08002aa1   Thumb Code     6  stm32f4xx_tim.o(.text)
    TIM_CounterModeConfig                    0x08002aa7   Thumb Code    18  stm32f4xx_tim.o(.text)
    TIM_SetCounter                           0x08002ab9   Thumb Code     4  stm32f4xx_tim.o(.text)
    TIM_SetAutoreload                        0x08002abd   Thumb Code     4  stm32f4xx_tim.o(.text)
    TIM_GetCounter                           0x08002ac1   Thumb Code     6  stm32f4xx_tim.o(.text)
    TIM_GetPrescaler                         0x08002ac7   Thumb Code     6  stm32f4xx_tim.o(.text)
    TIM_UpdateDisableConfig                  0x08002acd   Thumb Code    24  stm32f4xx_tim.o(.text)
    TIM_UpdateRequestConfig                  0x08002ae5   Thumb Code    24  stm32f4xx_tim.o(.text)
    TIM_ARRPreloadConfig                     0x08002afd   Thumb Code    24  stm32f4xx_tim.o(.text)
    TIM_SelectOnePulseMode                   0x08002b15   Thumb Code    18  stm32f4xx_tim.o(.text)
    TIM_SetClockDivision                     0x08002b27   Thumb Code    18  stm32f4xx_tim.o(.text)
    TIM_Cmd                                  0x08002b39   Thumb Code    24  stm32f4xx_tim.o(.text)
    TIM_OC1Init                              0x08002b51   Thumb Code   114  stm32f4xx_tim.o(.text)
    TIM_OC2Init                              0x08002bc3   Thumb Code   154  stm32f4xx_tim.o(.text)
    TIM_OC3Init                              0x08002c5d   Thumb Code   204  stm32f4xx_tim.o(.text)
    TIM_OC4Init                              0x08002d29   Thumb Code   112  stm32f4xx_tim.o(.text)
    TIM_OCStructInit                         0x08002d99   Thumb Code    20  stm32f4xx_tim.o(.text)
    TIM_SelectOCxM                           0x08002dad   Thumb Code    86  stm32f4xx_tim.o(.text)
    TIM_SetCompare1                          0x08002e03   Thumb Code     4  stm32f4xx_tim.o(.text)
    TIM_SetCompare2                          0x08002e07   Thumb Code     4  stm32f4xx_tim.o(.text)
    TIM_SetCompare3                          0x08002e0b   Thumb Code     4  stm32f4xx_tim.o(.text)
    TIM_SetCompare4                          0x08002e0f   Thumb Code     4  stm32f4xx_tim.o(.text)
    TIM_ForcedOC1Config                      0x08002e13   Thumb Code    18  stm32f4xx_tim.o(.text)
    TIM_ForcedOC2Config                      0x08002e25   Thumb Code    26  stm32f4xx_tim.o(.text)
    TIM_ForcedOC3Config                      0x08002e3f   Thumb Code    18  stm32f4xx_tim.o(.text)
    TIM_ForcedOC4Config                      0x08002e51   Thumb Code    26  stm32f4xx_tim.o(.text)
    TIM_OC1PreloadConfig                     0x08002e6b   Thumb Code    18  stm32f4xx_tim.o(.text)
    TIM_OC2PreloadConfig                     0x08002e7d   Thumb Code    26  stm32f4xx_tim.o(.text)
    TIM_OC3PreloadConfig                     0x08002e97   Thumb Code    18  stm32f4xx_tim.o(.text)
    TIM_OC4PreloadConfig                     0x08002ea9   Thumb Code    26  stm32f4xx_tim.o(.text)
    TIM_OC1FastConfig                        0x08002ec3   Thumb Code    18  stm32f4xx_tim.o(.text)
    TIM_OC2FastConfig                        0x08002ed5   Thumb Code    26  stm32f4xx_tim.o(.text)
    TIM_OC3FastConfig                        0x08002eef   Thumb Code    18  stm32f4xx_tim.o(.text)
    TIM_OC4FastConfig                        0x08002f01   Thumb Code    26  stm32f4xx_tim.o(.text)
    TIM_ClearOC1Ref                          0x08002f1b   Thumb Code    18  stm32f4xx_tim.o(.text)
    TIM_ClearOC2Ref                          0x08002f2d   Thumb Code    24  stm32f4xx_tim.o(.text)
    TIM_ClearOC3Ref                          0x08002f45   Thumb Code    18  stm32f4xx_tim.o(.text)
    TIM_ClearOC4Ref                          0x08002f57   Thumb Code    24  stm32f4xx_tim.o(.text)
    TIM_OC1PolarityConfig                    0x08002f6f   Thumb Code    18  stm32f4xx_tim.o(.text)
    TIM_OC1NPolarityConfig                   0x08002f81   Thumb Code    18  stm32f4xx_tim.o(.text)
    TIM_OC2PolarityConfig                    0x08002f93   Thumb Code    26  stm32f4xx_tim.o(.text)
    TIM_OC2NPolarityConfig                   0x08002fad   Thumb Code    26  stm32f4xx_tim.o(.text)
    TIM_OC3PolarityConfig                    0x08002fc7   Thumb Code    26  stm32f4xx_tim.o(.text)
    TIM_OC3NPolarityConfig                   0x08002fe1   Thumb Code    26  stm32f4xx_tim.o(.text)
    TIM_OC4PolarityConfig                    0x08002ffb   Thumb Code    26  stm32f4xx_tim.o(.text)
    TIM_CCxCmd                               0x08003015   Thumb Code    30  stm32f4xx_tim.o(.text)
    TIM_CCxNCmd                              0x08003033   Thumb Code    30  stm32f4xx_tim.o(.text)
    TIM_SetIC4Prescaler                      0x08003051   Thumb Code    26  stm32f4xx_tim.o(.text)
    TIM_SetIC3Prescaler                      0x080030bb   Thumb Code    18  stm32f4xx_tim.o(.text)
    TIM_SetIC2Prescaler                      0x08003115   Thumb Code    26  stm32f4xx_tim.o(.text)
    TIM_SetIC1Prescaler                      0x08003189   Thumb Code    18  stm32f4xx_tim.o(.text)
    TIM_ICInit                               0x080031d5   Thumb Code   110  stm32f4xx_tim.o(.text)
    TIM_ICStructInit                         0x08003243   Thumb Code    18  stm32f4xx_tim.o(.text)
    TIM_PWMIConfig                           0x08003255   Thumb Code   124  stm32f4xx_tim.o(.text)
    TIM_GetCapture1                          0x080032d1   Thumb Code     6  stm32f4xx_tim.o(.text)
    TIM_GetCapture2                          0x080032d7   Thumb Code     6  stm32f4xx_tim.o(.text)
    TIM_GetCapture3                          0x080032dd   Thumb Code     6  stm32f4xx_tim.o(.text)
    TIM_GetCapture4                          0x080032e3   Thumb Code     6  stm32f4xx_tim.o(.text)
    TIM_BDTRConfig                           0x080032e9   Thumb Code    32  stm32f4xx_tim.o(.text)
    TIM_BDTRStructInit                       0x08003309   Thumb Code    18  stm32f4xx_tim.o(.text)
    TIM_CtrlPWMOutputs                       0x0800331b   Thumb Code    30  stm32f4xx_tim.o(.text)
    TIM_SelectCOM                            0x08003339   Thumb Code    24  stm32f4xx_tim.o(.text)
    TIM_CCPreloadControl                     0x08003351   Thumb Code    24  stm32f4xx_tim.o(.text)
    TIM_ITConfig                             0x08003369   Thumb Code    18  stm32f4xx_tim.o(.text)
    TIM_GenerateEvent                        0x0800337b   Thumb Code     4  stm32f4xx_tim.o(.text)
    TIM_GetFlagStatus                        0x0800337f   Thumb Code    18  stm32f4xx_tim.o(.text)
    TIM_ClearFlag                            0x08003391   Thumb Code     6  stm32f4xx_tim.o(.text)
    TIM_GetITStatus                          0x08003397   Thumb Code    34  stm32f4xx_tim.o(.text)
    TIM_ClearITPendingBit                    0x080033b9   Thumb Code     6  stm32f4xx_tim.o(.text)
    TIM_DMAConfig                            0x080033bf   Thumb Code    10  stm32f4xx_tim.o(.text)
    TIM_DMACmd                               0x080033c9   Thumb Code    18  stm32f4xx_tim.o(.text)
    TIM_SelectCCDMA                          0x080033db   Thumb Code    24  stm32f4xx_tim.o(.text)
    TIM_InternalClockConfig                  0x080033f3   Thumb Code    12  stm32f4xx_tim.o(.text)
    TIM_SelectInputTrigger                   0x080033ff   Thumb Code    18  stm32f4xx_tim.o(.text)
    TIM_ITRxExternalClockConfig              0x08003411   Thumb Code    24  stm32f4xx_tim.o(.text)
    TIM_TIxExternalClockConfig               0x08003429   Thumb Code    62  stm32f4xx_tim.o(.text)
    TIM_ETRConfig                            0x08003467   Thumb Code    28  stm32f4xx_tim.o(.text)
    TIM_ETRClockMode1Config                  0x08003483   Thumb Code    54  stm32f4xx_tim.o(.text)
    TIM_ETRClockMode2Config                  0x080034b9   Thumb Code    32  stm32f4xx_tim.o(.text)
    TIM_SelectOutputTrigger                  0x080034d9   Thumb Code    18  stm32f4xx_tim.o(.text)
    TIM_SelectSlaveMode                      0x080034eb   Thumb Code    18  stm32f4xx_tim.o(.text)
    TIM_SelectMasterSlaveMode                0x080034fd   Thumb Code    18  stm32f4xx_tim.o(.text)
    TIM_EncoderInterfaceConfig               0x0800350f   Thumb Code    66  stm32f4xx_tim.o(.text)
    TIM_SelectHallSensor                     0x08003551   Thumb Code    24  stm32f4xx_tim.o(.text)
    TIM_RemapConfig                          0x08003569   Thumb Code     6  stm32f4xx_tim.o(.text)
    CAN_DeInit                               0x08003571   Thumb Code    50  stm32f4xx_can.o(.text)
    CAN_Init                                 0x080035a3   Thumb Code   276  stm32f4xx_can.o(.text)
    CAN_FilterInit                           0x080036b7   Thumb Code   258  stm32f4xx_can.o(.text)
    CAN_StructInit                           0x080037b9   Thumb Code    32  stm32f4xx_can.o(.text)
    CAN_SlaveStartBank                       0x080037d9   Thumb Code    48  stm32f4xx_can.o(.text)
    CAN_DBGFreeze                            0x08003809   Thumb Code    22  stm32f4xx_can.o(.text)
    CAN_TTComModeCmd                         0x0800381f   Thumb Code   118  stm32f4xx_can.o(.text)
    CAN_Transmit                             0x08003895   Thumb Code   304  stm32f4xx_can.o(.text)
    CAN_TransmitStatus                       0x080039c5   Thumb Code   138  stm32f4xx_can.o(.text)
    CAN_CancelTransmit                       0x08003a4f   Thumb Code    48  stm32f4xx_can.o(.text)
    CAN_Receive                              0x08003a7f   Thumb Code   240  stm32f4xx_can.o(.text)
    CAN_FIFORelease                          0x08003b6f   Thumb Code    22  stm32f4xx_can.o(.text)
    CAN_MessagePending                       0x08003b85   Thumb Code    30  stm32f4xx_can.o(.text)
    CAN_OperatingModeRequest                 0x08003ba3   Thumb Code   162  stm32f4xx_can.o(.text)
    CAN_Sleep                                0x08003c45   Thumb Code    30  stm32f4xx_can.o(.text)
    CAN_WakeUp                               0x08003c63   Thumb Code    48  stm32f4xx_can.o(.text)
    CAN_GetLastErrorCode                     0x08003c93   Thumb Code    12  stm32f4xx_can.o(.text)
    CAN_GetReceiveErrorCounter               0x08003c9f   Thumb Code    10  stm32f4xx_can.o(.text)
    CAN_GetLSBTransmitErrorCounter           0x08003ca9   Thumb Code    12  stm32f4xx_can.o(.text)
    CAN_ITConfig                             0x08003cb5   Thumb Code    18  stm32f4xx_can.o(.text)
    CAN_GetFlagStatus                        0x08003cc7   Thumb Code   120  stm32f4xx_can.o(.text)
    CAN_ClearFlag                            0x08003d3f   Thumb Code    52  stm32f4xx_can.o(.text)
    CAN_GetITStatus                          0x08003d85   Thumb Code   310  stm32f4xx_can.o(.text)
    CAN_ClearITPendingBit                    0x08003ebb   Thumb Code   162  stm32f4xx_can.o(.text)
    DMA_DeInit                               0x08003f61   Thumb Code   324  stm32f4xx_dma.o(.text)
    DMA_Init                                 0x080040a5   Thumb Code    82  stm32f4xx_dma.o(.text)
    DMA_StructInit                           0x080040f7   Thumb Code    34  stm32f4xx_dma.o(.text)
    DMA_Cmd                                  0x08004119   Thumb Code    22  stm32f4xx_dma.o(.text)
    DMA_PeriphIncOffsetSizeConfig            0x0800412f   Thumb Code    22  stm32f4xx_dma.o(.text)
    DMA_FlowControllerConfig                 0x08004145   Thumb Code    22  stm32f4xx_dma.o(.text)
    DMA_SetCurrDataCounter                   0x0800415b   Thumb Code     4  stm32f4xx_dma.o(.text)
    DMA_GetCurrDataCounter                   0x0800415f   Thumb Code     8  stm32f4xx_dma.o(.text)
    DMA_DoubleBufferModeConfig               0x08004167   Thumb Code    24  stm32f4xx_dma.o(.text)
    DMA_DoubleBufferModeCmd                  0x0800417f   Thumb Code    22  stm32f4xx_dma.o(.text)
    DMA_MemoryTargetConfig                   0x08004195   Thumb Code    10  stm32f4xx_dma.o(.text)
    DMA_GetCurrentMemoryTarget               0x0800419f   Thumb Code    20  stm32f4xx_dma.o(.text)
    DMA_GetCmdStatus                         0x080041b3   Thumb Code    20  stm32f4xx_dma.o(.text)
    DMA_GetFIFOStatus                        0x080041c7   Thumb Code    12  stm32f4xx_dma.o(.text)
    DMA_GetFlagStatus                        0x080041d3   Thumb Code    56  stm32f4xx_dma.o(.text)
    DMA_ClearFlag                            0x0800420b   Thumb Code    40  stm32f4xx_dma.o(.text)
    DMA_ITConfig                             0x08004233   Thumb Code    58  stm32f4xx_dma.o(.text)
    DMA_GetITStatus                          0x0800426d   Thumb Code    84  stm32f4xx_dma.o(.text)
    DMA_ClearITPendingBit                    0x080042c1   Thumb Code    40  stm32f4xx_dma.o(.text)
    IWDG_WriteAccessCmd                      0x08004309   Thumb Code     6  stm32f4xx_iwdg.o(.text)
    IWDG_SetPrescaler                        0x0800430f   Thumb Code     6  stm32f4xx_iwdg.o(.text)
    IWDG_SetReload                           0x08004315   Thumb Code     6  stm32f4xx_iwdg.o(.text)
    IWDG_ReloadCounter                       0x0800431b   Thumb Code    10  stm32f4xx_iwdg.o(.text)
    IWDG_Enable                              0x08004325   Thumb Code    10  stm32f4xx_iwdg.o(.text)
    IWDG_GetFlagStatus                       0x0800432f   Thumb Code    20  stm32f4xx_iwdg.o(.text)
    BSP_CPU_ClkFreq                          0x08004349   Thumb Code    14  bsp.o(.text)
    CPU_TS_TmrInit                           0x08004357   Thumb Code    44  bsp.o(.text)
    CPU_TS_TmrRd                             0x08004383   Thumb Code     6  bsp.o(.text)
    CPU_TS32_to_uSec                         0x08004389   Thumb Code    54  bsp.o(.text)
    CPU_NameClr                              0x080043cd   Thumb Code    42  cpu_core.o(.text)
    CPU_Init                                 0x0800440d   Thumb Code    12  cpu_core.o(.text)
    CPU_SW_Exception                         0x08004419   Thumb Code     4  cpu_core.o(.text)
    CPU_NameGet                              0x0800441d   Thumb Code    70  cpu_core.o(.text)
    CPU_NameSet                              0x08004463   Thumb Code    96  cpu_core.o(.text)
    CPU_TS_Get32                             0x080044c3   Thumb Code    12  cpu_core.o(.text)
    CPU_TS_Update                            0x080044cf   Thumb Code     2  cpu_core.o(.text)
    CPU_TS_TmrFreqGet                        0x080044d1   Thumb Code    30  cpu_core.o(.text)
    CPU_TS_TmrFreqSet                        0x080044ef   Thumb Code     6  cpu_core.o(.text)
    CPU_CntLeadZeros08                       0x080044f5   Thumb Code    18  cpu_core.o(.text)
    CPU_CntLeadZeros16                       0x08004507   Thumb Code    18  cpu_core.o(.text)
    CPU_CntLeadZeros32                       0x08004519   Thumb Code    18  cpu_core.o(.text)
    CPU_CntLeadZeros64                       0x0800452b   Thumb Code   188  cpu_core.o(.text)
    CPU_CntTrailZeros08                      0x080045e7   Thumb Code    22  cpu_core.o(.text)
    CPU_CntTrailZeros16                      0x080045fd   Thumb Code    22  cpu_core.o(.text)
    CPU_CntTrailZeros32                      0x08004613   Thumb Code    22  cpu_core.o(.text)
    CPU_CntTrailZeros64                      0x08004629   Thumb Code    62  cpu_core.o(.text)
    CPU_IntDis                               0x08004675   Thumb Code     0  cpu_a.o(.text)
    CPU_IntEn                                0x08004679   Thumb Code     0  cpu_a.o(.text)
    CPU_SR_Save                              0x0800467d   Thumb Code     0  cpu_a.o(.text)
    CPU_SR_Restore                           0x08004685   Thumb Code     0  cpu_a.o(.text)
    CPU_WaitForInt                           0x0800468b   Thumb Code     0  cpu_a.o(.text)
    CPU_WaitForExcept                        0x0800468f   Thumb Code     0  cpu_a.o(.text)
    CPU_CntLeadZeros                         0x08004693   Thumb Code     0  cpu_a.o(.text)
    CPU_CntTrailZeros                        0x08004699   Thumb Code     0  cpu_a.o(.text)
    CPU_RevBits                              0x080046a3   Thumb Code     0  cpu_a.o(.text)
    ASCII_IsAlpha                            0x080046a9   Thumb Code    48  lib_ascii.o(.text)
    ASCII_IsAlphaNum                         0x080046d9   Thumb Code    76  lib_ascii.o(.text)
    ASCII_IsLower                            0x08004725   Thumb Code    20  lib_ascii.o(.text)
    ASCII_IsUpper                            0x08004739   Thumb Code    20  lib_ascii.o(.text)
    ASCII_IsDig                              0x0800474d   Thumb Code    20  lib_ascii.o(.text)
    ASCII_IsDigOct                           0x08004761   Thumb Code    20  lib_ascii.o(.text)
    ASCII_IsDigHex                           0x08004775   Thumb Code    36  lib_ascii.o(.text)
    ASCII_IsBlank                            0x08004799   Thumb Code    20  lib_ascii.o(.text)
    ASCII_IsSpace                            0x080047ad   Thumb Code    36  lib_ascii.o(.text)
    ASCII_IsPrint                            0x080047d1   Thumb Code    20  lib_ascii.o(.text)
    ASCII_IsGraph                            0x080047e5   Thumb Code    20  lib_ascii.o(.text)
    ASCII_IsPunct                            0x080047f9   Thumb Code   134  lib_ascii.o(.text)
    ASCII_IsCtrl                             0x0800487f   Thumb Code    26  lib_ascii.o(.text)
    ASCII_ToLower                            0x08004899   Thumb Code    32  lib_ascii.o(.text)
    ASCII_ToUpper                            0x080048b9   Thumb Code    32  lib_ascii.o(.text)
    ASCII_Cmp                                0x080048d9   Thumb Code    38  lib_ascii.o(.text)
    Mem_Init                                 0x08004901   Thumb Code    54  lib_mem.o(.text)
    Mem_Set                                  0x08004937   Thumb Code    84  lib_mem.o(.text)
    Mem_Clr                                  0x0800498b   Thumb Code    18  lib_mem.o(.text)
    Mem_Move                                 0x0800499d   Thumb Code   186  lib_mem.o(.text)
    Mem_Cmp                                  0x08004a57   Thumb Code   192  lib_mem.o(.text)
    Mem_HeapAlloc                            0x08004b8f   Thumb Code   168  lib_mem.o(.text)
    Mem_SegGetSizeRem                        0x08004c37   Thumb Code   108  lib_mem.o(.text)
    Mem_HeapGetSizeRem                       0x08004ca3   Thumb Code    22  lib_mem.o(.text)
    Mem_PoolClr                              0x08004cb9   Thumb Code    80  lib_mem.o(.text)
    Mem_PoolCreate                           0x08004d09   Thumb Code   838  lib_mem.o(.text)
    Mem_PoolBlkGetNbrAvail                   0x0800504f   Thumb Code    52  lib_mem.o(.text)
    Mem_PoolBlkGet                           0x08005083   Thumb Code   126  lib_mem.o(.text)
    Mem_PoolBlkGetUsedAtIx                   0x08005101   Thumb Code   140  lib_mem.o(.text)
    Mem_PoolBlkFree                          0x0800518d   Thumb Code   152  lib_mem.o(.text)
    Mem_PoolBlkIxGet                         0x08005225   Thumb Code   162  lib_mem.o(.text)
    Str_Len_N                                0x080052c9   Thumb Code    28  lib_str.o(.text)
    Str_Len                                  0x080052e5   Thumb Code    20  lib_str.o(.text)
    Str_Copy_N                               0x080052f9   Thumb Code    70  lib_str.o(.text)
    Str_Copy                                 0x0800533f   Thumb Code    24  lib_str.o(.text)
    Str_Cat_N                                0x08005357   Thumb Code    90  lib_str.o(.text)
    Str_Cat                                  0x080053b1   Thumb Code    24  lib_str.o(.text)
    Str_Cmp_N                                0x080053c9   Thumb Code   156  lib_str.o(.text)
    Str_Cmp                                  0x08005465   Thumb Code    24  lib_str.o(.text)
    Str_CmpIgnoreCase_N                      0x0800547d   Thumb Code   264  lib_str.o(.text)
    Str_CmpIgnoreCase                        0x08005585   Thumb Code    24  lib_str.o(.text)
    Str_Char_N                               0x0800559d   Thumb Code    74  lib_str.o(.text)
    Str_Char                                 0x080055e7   Thumb Code    24  lib_str.o(.text)
    Str_Char_Last_N                          0x080055ff   Thumb Code    76  lib_str.o(.text)
    Str_Char_Last                            0x0800564b   Thumb Code    24  lib_str.o(.text)
    Str_Char_Replace_N                       0x08005663   Thumb Code    52  lib_str.o(.text)
    Str_Char_Replace                         0x08005697   Thumb Code    28  lib_str.o(.text)
    Str_Str_N                                0x080056b3   Thumb Code   182  lib_str.o(.text)
    Str_Str                                  0x08005769   Thumb Code    24  lib_str.o(.text)
    Str_FmtNbr_Int32U                        0x0800595d   Thumb Code    46  lib_str.o(.text)
    Str_FmtNbr_Int32S                        0x0800598b   Thumb Code    62  lib_str.o(.text)
    Str_ParseNbr_Int32U                      0x08005b87   Thumb Code    30  lib_str.o(.text)
    Str_ParseNbr_Int32S                      0x08005ba5   Thumb Code    74  lib_str.o(.text)
    Mem_Copy                                 0x08005bf5   Thumb Code     0  lib_mem_a.o(.text)
    OSCfg_Init                               0x08005e15   Thumb Code    86  os_cfg_app.o(.text)
    OS_IdleTask                              0x08005f11   Thumb Code    60  os_core.o(.text)
    OS_IdleTaskInit                          0x08005f4d   Thumb Code    68  os_core.o(.text)
    OS_RdyListInit                           0x08005f91   Thumb Code    32  os_core.o(.text)
    OSInit                                   0x08005fb1   Thumb Code   300  os_core.o(.text)
    OSIntEnter                               0x080060dd   Thumb Code    34  os_core.o(.text)
    OSIntExit                                0x080060ff   Thumb Code   188  os_core.o(.text)
    OSSched                                  0x080061bb   Thumb Code   130  os_core.o(.text)
    OS_SchedLockTimeMeasStart                0x0800623d   Thumb Code    20  os_core.o(.text)
    OSSchedLock                              0x08006251   Thumb Code   104  os_core.o(.text)
    OS_SchedLockTimeMeasStop                 0x080062b9   Thumb Code    44  os_core.o(.text)
    OSSchedUnlock                            0x080062e5   Thumb Code   286  os_core.o(.text)
    OSSchedRoundRobinCfg                     0x08006403   Thumb Code    88  os_core.o(.text)
    OS_RdyListMoveHeadToTail                 0x0800645b   Thumb Code    68  os_core.o(.text)
    OSSchedRoundRobinYield                   0x0800649f   Thumb Code   164  os_core.o(.text)
    OSStart                                  0x08006543   Thumb Code    78  os_core.o(.text)
    OSVersion                                0x08006591   Thumb Code    12  os_core.o(.text)
    OS_PendDbgNameAdd                        0x0800659d   Thumb Code    66  os_core.o(.text)
    OS_PendListInsertPrio                    0x080065df   Thumb Code   102  os_core.o(.text)
    OS_PendDataInit                          0x08006645   Thumb Code    38  os_core.o(.text)
    OS_RdyListRemove                         0x0800666b   Thumb Code    86  os_core.o(.text)
    OS_TaskBlock                             0x080066c1   Thumb Code    56  os_core.o(.text)
    OS_Pend                                  0x080066f9   Thumb Code    98  os_core.o(.text)
    OS_PendListRemove1                       0x0800675b   Thumb Code   136  os_core.o(.text)
    OS_PendListRemove                        0x080067e3   Thumb Code    48  os_core.o(.text)
    OS_PendAbort1                            0x08006813   Thumb Code    36  os_core.o(.text)
    OS_RdyListInsertHead                     0x08006837   Thumb Code    58  os_core.o(.text)
    OS_RdyListInsertTail                     0x08006871   Thumb Code    56  os_core.o(.text)
    OS_RdyListInsert                         0x080068a9   Thumb Code    40  os_core.o(.text)
    OS_TaskRdy                               0x080068d1   Thumb Code    28  os_core.o(.text)
    OS_PendAbort                             0x080068ed   Thumb Code   166  os_core.o(.text)
    OS_PendDbgNameRemove                     0x08006993   Thumb Code    34  os_core.o(.text)
    OS_PendListChangePrio                    0x080069b5   Thumb Code    70  os_core.o(.text)
    OS_PendListInit                          0x080069fb   Thumb Code    10  os_core.o(.text)
    OS_PendListInsertHead                    0x08006a05   Thumb Code    32  os_core.o(.text)
    OS_PendObjDel1                           0x08006a25   Thumb Code    36  os_core.o(.text)
    OS_PendObjDel                            0x08006a49   Thumb Code   162  os_core.o(.text)
    OS_Post1                                 0x08006aeb   Thumb Code    42  os_core.o(.text)
    OS_Post                                  0x08006b15   Thumb Code   192  os_core.o(.text)
    OS_Sched0                                0x08006bd5   Thumb Code    68  os_core.o(.text)
    OS_SchedRoundRobin                       0x08006c19   Thumb Code   218  os_core.o(.text)
    OS_Dbg_Init                              0x08006d01   Thumb Code   146  os_dbg.o(.text)
    OS_FlagDbgListAdd                        0x08006eb1   Thumb Code    38  os_flag.o(.text)
    OSFlagCreate                             0x08006ed7   Thumb Code   172  os_flag.o(.text)
    OS_FlagClr                               0x08006f83   Thumb Code    28  os_flag.o(.text)
    OS_FlagDbgListRemove                     0x08006f9f   Thumb Code    44  os_flag.o(.text)
    OSFlagDel                                0x08006fcb   Thumb Code   594  os_flag.o(.text)
    OS_FlagBlock                             0x0800721d   Thumb Code    58  os_flag.o(.text)
    OSFlagPend                               0x08007257   Thumb Code  1488  os_flag.o(.text)
    OSFlagPendAbort                          0x08007827   Thumb Code   292  os_flag.o(.text)
    OSFlagPendGetFlagsRdy                    0x0800794b   Thumb Code    68  os_flag.o(.text)
    OS_FlagTaskRdy                           0x0800798f   Thumb Code    86  os_flag.o(.text)
    OS_FlagPost                              0x080079e5   Thumb Code   570  os_flag.o(.text)
    OSFlagPost                               0x08007c1f   Thumb Code   146  os_flag.o(.text)
    OS_FlagInit                              0x08007cb1   Thumb Code    14  os_flag.o(.text)
    OS_IntQPost                              0x08007cd9   Thumb Code   216  os_int.o(.text)
    OS_IntQRePost                            0x08007db1   Thumb Code   360  os_int.o(.text)
    OS_IntQTask                              0x08007f19   Thumb Code   162  os_int.o(.text)
    OS_IntQTaskInit                          0x08007fbb   Thumb Code   208  os_int.o(.text)
    OS_MemDbgListAdd                         0x0800811d   Thumb Code    34  os_mem.o(.text)
    OSMemCreate                              0x0800813f   Thumb Code   288  os_mem.o(.text)
    OSMemGet                                 0x0800825f   Thumb Code   100  os_mem.o(.text)
    OSMemPut                                 0x080082c3   Thumb Code   112  os_mem.o(.text)
    OS_MemInit                               0x08008333   Thumb Code    14  os_mem.o(.text)
    OS_MsgPoolCreate                         0x08008355   Thumb Code    54  os_msg.o(.text)
    OS_MsgPoolInit                           0x0800838b   Thumb Code    70  os_msg.o(.text)
    OS_MsgQFreeAll                           0x080083d1   Thumb Code    62  os_msg.o(.text)
    OS_MsgQInit                              0x0800840f   Thumb Code    14  os_msg.o(.text)
    OS_MsgQGet                               0x0800841d   Thumb Code    98  os_msg.o(.text)
    OS_MsgQPut                               0x0800847f   Thumb Code   246  os_msg.o(.text)
    OS_MutexDbgListAdd                       0x08008581   Thumb Code    38  os_mutex.o(.text)
    OSMutexCreate                            0x080085a7   Thumb Code   178  os_mutex.o(.text)
    OS_MutexClr                              0x08008659   Thumb Code    38  os_mutex.o(.text)
    OS_MutexDbgListRemove                    0x0800867f   Thumb Code    44  os_mutex.o(.text)
    OSMutexDel                               0x080086ab   Thumb Code   842  os_mutex.o(.text)
    OSMutexPend                              0x080089f5   Thumb Code   706  os_mutex.o(.text)
    OSMutexPendAbort                         0x08008cb7   Thumb Code   314  os_mutex.o(.text)
    OSMutexPost                              0x08008df1   Thumb Code   564  os_mutex.o(.text)
    OS_MutexInit                             0x08009025   Thumb Code    14  os_mutex.o(.text)
    OS_PrioInit                              0x08009055   Thumb Code    20  os_prio.o(.text)
    OS_PrioGetHighest                        0x08009069   Thumb Code    36  os_prio.o(.text)
    OS_PrioInsert                            0x0800908d   Thumb Code    32  os_prio.o(.text)
    OS_PrioRemove                            0x080090ad   Thumb Code    32  os_prio.o(.text)
    OS_QDbgListAdd                           0x080090d1   Thumb Code    38  os_q.o(.text)
    OSQCreate                                0x080090f7   Thumb Code   186  os_q.o(.text)
    OS_QClr                                  0x080091b1   Thumb Code    40  os_q.o(.text)
    OS_QDbgListRemove                        0x080091d9   Thumb Code    44  os_q.o(.text)
    OSQDel                                   0x08009205   Thumb Code   362  os_q.o(.text)
    OSQFlush                                 0x0800936f   Thumb Code   210  os_q.o(.text)
    OSQPend                                  0x08009441   Thumb Code   538  os_q.o(.text)
    OSQPendAbort                             0x0800965b   Thumb Code   292  os_q.o(.text)
    OS_QPost                                 0x0800977f   Thumb Code   324  os_q.o(.text)
    OSQPost                                  0x080098c3   Thumb Code   198  os_q.o(.text)
    OS_QInit                                 0x08009989   Thumb Code    14  os_q.o(.text)
    OS_SemDbgListAdd                         0x080099a9   Thumb Code    38  os_sem.o(.text)
    OSSemCreate                              0x080099cf   Thumb Code   172  os_sem.o(.text)
    OS_SemClr                                0x08009a7b   Thumb Code    28  os_sem.o(.text)
    OS_SemDbgListRemove                      0x08009a97   Thumb Code    44  os_sem.o(.text)
    OSSemDel                                 0x08009ac3   Thumb Code   362  os_sem.o(.text)
    OSSemPend                                0x08009c2d   Thumb Code   504  os_sem.o(.text)
    OSSemPendAbort                           0x08009e25   Thumb Code   292  os_sem.o(.text)
    OS_SemPost                               0x08009f49   Thumb Code   350  os_sem.o(.text)
    OSSemPost                                0x0800a0a7   Thumb Code   144  os_sem.o(.text)
    OSSemSet                                 0x0800a137   Thumb Code   138  os_sem.o(.text)
    OS_SemInit                               0x0800a1c1   Thumb Code    14  os_sem.o(.text)
    OSStatReset                              0x0800a1d9   Thumb Code   270  os_stat.o(.text)
    OSStatTaskCPUUsageInit                   0x0800a2e7   Thumb Code   212  os_stat.o(.text)
    OS_StatTask                              0x0800a3bb   Thumb Code   888  os_stat.o(.text)
    OS_StatTaskInit                          0x0800a733   Thumb Code   138  os_stat.o(.text)
    OSTaskChangePrio                         0x0800a811   Thumb Code   416  os_task.o(.text)
    OS_TaskDbgListAdd                        0x0800a9b1   Thumb Code    42  os_task.o(.text)
    OS_TaskInitTCB                           0x0800a9db   Thumb Code   186  os_task.o(.text)
    OSTaskCreate                             0x0800aa95   Thumb Code   616  os_task.o(.text)
    OS_TaskDbgListRemove                     0x0800acfd   Thumb Code    64  os_task.o(.text)
    OSTaskDel                                0x0800ad3d   Thumb Code   424  os_task.o(.text)
    OSTaskQFlush                             0x0800aee5   Thumb Code   214  os_task.o(.text)
    OSTaskQPend                              0x0800afbb   Thumb Code   554  os_task.o(.text)
    OSTaskQPendAbort                         0x0800b1e5   Thumb Code   242  os_task.o(.text)
    OS_TaskQPost                             0x0800b2d7   Thumb Code   526  os_task.o(.text)
    OSTaskQPost                              0x0800b4e5   Thumb Code   114  os_task.o(.text)
    OSTaskRegGet                             0x0800b557   Thumb Code    78  os_task.o(.text)
    OSTaskRegGetID                           0x0800b5a5   Thumb Code    84  os_task.o(.text)
    OSTaskRegSet                             0x0800b5f9   Thumb Code    78  os_task.o(.text)
    OS_TaskResume                            0x0800b647   Thumb Code   314  os_task.o(.text)
    OSTaskResume                             0x0800b781   Thumb Code   112  os_task.o(.text)
    OSTaskSemPend                            0x0800b7f1   Thumb Code   550  os_task.o(.text)
    OSTaskSemPendAbort                       0x0800ba17   Thumb Code   270  os_task.o(.text)
    OS_TaskSemPost                           0x0800bb25   Thumb Code  1224  os_task.o(.text)
    OSTaskSemPost                            0x0800bfed   Thumb Code    98  os_task.o(.text)
    OSTaskSemSet                             0x0800c04f   Thumb Code    80  os_task.o(.text)
    OSTaskStkChk                             0x0800c09f   Thumb Code   224  os_task.o(.text)
    OS_TaskSuspend                           0x0800c17f   Thumb Code   328  os_task.o(.text)
    OSTaskSuspend                            0x0800c2c7   Thumb Code    78  os_task.o(.text)
    OSTaskTimeQuantaSet                      0x0800c315   Thumb Code    96  os_task.o(.text)
    OS_TaskInit                              0x0800c375   Thumb Code    18  os_task.o(.text)
    OS_TaskReturn                            0x0800c387   Thumb Code    20  os_task.o(.text)
    OS_TickListRemove                        0x0800c3c5   Thumb Code    56  os_tick.o(.text)
    OS_TickListUpdate                        0x0800c3fd   Thumb Code   480  os_tick.o(.text)
    OS_TickTask                              0x0800c5dd   Thumb Code    38  os_tick.o(.text)
    OS_TickListInit                          0x0800c603   Thumb Code    32  os_tick.o(.text)
    OS_TickTaskInit                          0x0800c623   Thumb Code   130  os_tick.o(.text)
    OS_TickListInsert                        0x0800c6a5   Thumb Code   502  os_tick.o(.text)
    OS_TickListResetPeak                     0x0800c89b   Thumb Code    28  os_tick.o(.text)
    OSTimeDly                                0x0800c8c1   Thumb Code   266  os_time.o(.text)
    OSTimeDlyHMSM                            0x0800c9cb   Thumb Code   480  os_time.o(.text)
    OSTimeDlyResume                          0x0800cbab   Thumb Code   466  os_time.o(.text)
    OSTimeGet                                0x0800cd7d   Thumb Code    46  os_time.o(.text)
    OSTimeSet                                0x0800cdab   Thumb Code    46  os_time.o(.text)
    OSTimeTick                               0x0800cdd9   Thumb Code    54  os_time.o(.text)
    OS_TmrDbgListAdd                         0x0800ce25   Thumb Code    34  os_tmr.o(.text)
    OSTmrCreate                              0x0800ce47   Thumb Code   248  os_tmr.o(.text)
    OS_TmrClr                                0x0800cf3f   Thumb Code    36  os_tmr.o(.text)
    OS_TmrUnlink                             0x0800cf63   Thumb Code    72  os_tmr.o(.text)
    OS_TmrDbgListRemove                      0x0800cfab   Thumb Code    44  os_tmr.o(.text)
    OSTmrDel                                 0x0800cfd7   Thumb Code   176  os_tmr.o(.text)
    OSTmrRemainGet                           0x0800d087   Thumb Code   184  os_tmr.o(.text)
    OS_TmrLink                               0x0800d13f   Thumb Code   196  os_tmr.o(.text)
    OSTmrStart                               0x0800d203   Thumb Code   210  os_tmr.o(.text)
    OSTmrStateGet                            0x0800d2d5   Thumb Code   134  os_tmr.o(.text)
    OSTmrStop                                0x0800d35b   Thumb Code   232  os_tmr.o(.text)
    OS_TmrTask                               0x0800d443   Thumb Code   176  os_tmr.o(.text)
    OS_TmrInit                               0x0800d4f3   Thumb Code   208  os_tmr.o(.text)
    OS_TmrResetPeak                          0x0800d5c3   Thumb Code    28  os_tmr.o(.text)
    OSIdleTaskHook                           0x0800d63d   Thumb Code    16  os_cpu_c.o(.text)
    OSInitHook                               0x0800d64d   Thumb Code    28  os_cpu_c.o(.text)
    OSStatTaskHook                           0x0800d669   Thumb Code    16  os_cpu_c.o(.text)
    OSTaskCreateHook                         0x0800d679   Thumb Code    20  os_cpu_c.o(.text)
    OSTaskDelHook                            0x0800d68d   Thumb Code    20  os_cpu_c.o(.text)
    OSTaskReturnHook                         0x0800d6a1   Thumb Code    20  os_cpu_c.o(.text)
    OSTaskStkInit                            0x0800d6b5   Thumb Code   600  os_cpu_c.o(.text)
    OSTaskSwHook                             0x0800d90d   Thumb Code   120  os_cpu_c.o(.text)
    OSTimeTickHook                           0x0800d985   Thumb Code    16  os_cpu_c.o(.text)
    OS_CPU_SysTickHandler                    0x0800d995   Thumb Code    52  os_cpu_c.o(.text)
    OS_CPU_SysTickInit                       0x0800d9c9   Thumb Code    44  os_cpu_c.o(.text)
    __use_no_semihosting                     0x0800da35   Thumb Code     2  use_no_semi_2.o(.text)
    __aeabi_uldivmod                         0x0800da37   Thumb Code     0  lludivv7m.o(.text)
    _ll_udiv                                 0x0800da37   Thumb Code   238  lludivv7m.o(.text)
    __2printf                                0x0800db25   Thumb Code    20  noretval__2printf.o(.text)
    __printf                                 0x0800db3d   Thumb Code   104  __printf.o(.text)
    __aeabi_memcpy                           0x0800dba5   Thumb Code     0  rt_memcpy_v6.o(.text)
    __rt_memcpy                              0x0800dba5   Thumb Code   138  rt_memcpy_v6.o(.text)
    _memcpy_lastbytes                        0x0800dc0b   Thumb Code     0  rt_memcpy_v6.o(.text)
    __use_two_region_memory                  0x0800dc2f   Thumb Code     2  heapauxi.o(.text)
    __rt_heap_escrow$2region                 0x0800dc31   Thumb Code     2  heapauxi.o(.text)
    __rt_heap_expand$2region                 0x0800dc33   Thumb Code     2  heapauxi.o(.text)
    __I$use$semihosting                      0x0800dc35   Thumb Code     0  use_no_semi.o(.text)
    __use_no_semihosting_swi                 0x0800dc35   Thumb Code     2  use_no_semi.o(.text)
    _printf_char_file                        0x0800dc39   Thumb Code    32  _printf_char_file.o(.text)
    __aeabi_memcpy4                          0x0800dc5d   Thumb Code     0  rt_memcpy_w.o(.text)
    __aeabi_memcpy8                          0x0800dc5d   Thumb Code     0  rt_memcpy_w.o(.text)
    __rt_memcpy_w                            0x0800dc5d   Thumb Code   100  rt_memcpy_w.o(.text)
    _memcpy_lastbytes_aligned                0x0800dca5   Thumb Code     0  rt_memcpy_w.o(.text)
    _printf_char_common                      0x0800dccb   Thumb Code    32  _printf_char_common.o(.text)
    ferror                                   0x0800dcf1   Thumb Code     8  ferror.o(.text)
    __user_setup_stackheap                   0x0800dcf9   Thumb Code    74  sys_stackheap_outer.o(.text)
    exit                                     0x0800dd43   Thumb Code    18  exit.o(.text)
    __user_libspace                          0x0800dd55   Thumb Code     8  libspace.o(.text)
    __user_perproc_libspace                  0x0800dd55   Thumb Code     0  libspace.o(.text)
    __user_perthread_libspace                0x0800dd55   Thumb Code     0  libspace.o(.text)
    OSStartHighRdy                           0x0800dd5d   Thumb Code     0  os_cpu_a.o(CODE)
    OSCtxSw                                  0x0800dd7f   Thumb Code     0  os_cpu_a.o(CODE)
    OSIntCtxSw                               0x0800dd89   Thumb Code     0  os_cpu_a.o(CODE)
    PendSV_Handler                           0x0800dd93   Thumb Code     0  os_cpu_a.o(CODE)
    __aeabi_d2f                              0x0800de09   Thumb Code     0  d2f.o(x$fpl$d2f)
    _d2f                                     0x0800de09   Thumb Code    98  d2f.o(x$fpl$d2f)
    __aeabi_dadd                             0x0800de6d   Thumb Code     0  daddsub_clz.o(x$fpl$dadd)
    _dadd                                    0x0800de6d   Thumb Code   332  daddsub_clz.o(x$fpl$dadd)
    __fpl_dcmp_Inf                           0x0800dfbd   Thumb Code    24  dcmpi.o(x$fpl$dcmpinf)
    __aeabi_ddiv                             0x0800dfd5   Thumb Code     0  ddiv.o(x$fpl$ddiv)
    _ddiv                                    0x0800dfd5   Thumb Code   552  ddiv.o(x$fpl$ddiv)
    __aeabi_cdcmpeq                          0x0800e285   Thumb Code     0  deqf.o(x$fpl$deqf)
    _dcmpeq                                  0x0800e285   Thumb Code   120  deqf.o(x$fpl$deqf)
    __aeabi_d2iz                             0x0800e2fd   Thumb Code     0  dfix.o(x$fpl$dfix)
    _dfix                                    0x0800e2fd   Thumb Code    94  dfix.o(x$fpl$dfix)
    __aeabi_ui2d                             0x0800e35b   Thumb Code     0  dflt_clz.o(x$fpl$dfltu)
    _dfltu                                   0x0800e35b   Thumb Code    38  dflt_clz.o(x$fpl$dfltu)
    __aeabi_dmul                             0x0800e381   Thumb Code     0  dmul.o(x$fpl$dmul)
    _dmul                                    0x0800e381   Thumb Code   332  dmul.o(x$fpl$dmul)
    __fpl_dnaninf                            0x0800e4d5   Thumb Code   156  dnaninf.o(x$fpl$dnaninf)
    __fpl_dretinf                            0x0800e571   Thumb Code    12  dretinf.o(x$fpl$dretinf)
    __aeabi_drsub                            0x0800e57d   Thumb Code     0  daddsub_clz.o(x$fpl$drsb)
    _drsb                                    0x0800e57d   Thumb Code    22  daddsub_clz.o(x$fpl$drsb)
    __aeabi_dsub                             0x0800e595   Thumb Code     0  daddsub_clz.o(x$fpl$dsub)
    _dsub                                    0x0800e595   Thumb Code   464  daddsub_clz.o(x$fpl$dsub)
    __aeabi_f2d                              0x0800e769   Thumb Code     0  f2d.o(x$fpl$f2d)
    _f2d                                     0x0800e769   Thumb Code    86  f2d.o(x$fpl$f2d)
    __fpl_fnaninf                            0x0800e7bf   Thumb Code   140  fnaninf.o(x$fpl$fnaninf)
    _fp_init                                 0x0800e84b   Thumb Code    10  fpinit.o(x$fpl$fpinit)
    __fplib_config_fpu_vfp                   0x0800e853   Thumb Code     0  fpinit.o(x$fpl$fpinit)
    __fplib_config_pureend_doubles           0x0800e853   Thumb Code     0  fpinit.o(x$fpl$fpinit)
    __fpl_fretinf                            0x0800e855   Thumb Code    10  fretinf.o(x$fpl$fretinf)
    __I$use$fp                               0x0800e85e   Number         0  usenofp.o(x$fpl$usenofp)
    CPU_EndiannessTest                       0x0800e960   Data           4  cpu_core.o(.constdata)
    OSCfg_IdleTaskStkBasePtr                 0x0800e9f8   Data           4  os_cfg_app.o(.constdata)
    OSCfg_IdleTaskStkLimit                   0x0800e9fc   Data           4  os_cfg_app.o(.constdata)
    OSCfg_IdleTaskStkSize                    0x0800ea00   Data           4  os_cfg_app.o(.constdata)
    OSCfg_IdleTaskStkSizeRAM                 0x0800ea04   Data           4  os_cfg_app.o(.constdata)
    OSCfg_IntQBasePtr                        0x0800ea08   Data           4  os_cfg_app.o(.constdata)
    OSCfg_IntQSize                           0x0800ea0c   Data           2  os_cfg_app.o(.constdata)
    OSCfg_IntQSizeRAM                        0x0800ea10   Data           4  os_cfg_app.o(.constdata)
    OSCfg_IntQTaskStkBasePtr                 0x0800ea14   Data           4  os_cfg_app.o(.constdata)
    OSCfg_IntQTaskStkLimit                   0x0800ea18   Data           4  os_cfg_app.o(.constdata)
    OSCfg_IntQTaskStkSize                    0x0800ea1c   Data           4  os_cfg_app.o(.constdata)
    OSCfg_IntQTaskStkSizeRAM                 0x0800ea20   Data           4  os_cfg_app.o(.constdata)
    OSCfg_ISRStkBasePtr                      0x0800ea24   Data           4  os_cfg_app.o(.constdata)
    OSCfg_ISRStkSize                         0x0800ea28   Data           4  os_cfg_app.o(.constdata)
    OSCfg_ISRStkSizeRAM                      0x0800ea2c   Data           4  os_cfg_app.o(.constdata)
    OSCfg_MsgPoolSize                        0x0800ea30   Data           2  os_cfg_app.o(.constdata)
    OSCfg_MsgPoolSizeRAM                     0x0800ea34   Data           4  os_cfg_app.o(.constdata)
    OSCfg_MsgPoolBasePtr                     0x0800ea38   Data           4  os_cfg_app.o(.constdata)
    OSCfg_StatTaskPrio                       0x0800ea3c   Data           1  os_cfg_app.o(.constdata)
    OSCfg_StatTaskRate_Hz                    0x0800ea40   Data           4  os_cfg_app.o(.constdata)
    OSCfg_StatTaskStkBasePtr                 0x0800ea44   Data           4  os_cfg_app.o(.constdata)
    OSCfg_StatTaskStkLimit                   0x0800ea48   Data           4  os_cfg_app.o(.constdata)
    OSCfg_StatTaskStkSize                    0x0800ea4c   Data           4  os_cfg_app.o(.constdata)
    OSCfg_StatTaskStkSizeRAM                 0x0800ea50   Data           4  os_cfg_app.o(.constdata)
    OSCfg_StkSizeMin                         0x0800ea54   Data           4  os_cfg_app.o(.constdata)
    OSCfg_TickRate_Hz                        0x0800ea58   Data           4  os_cfg_app.o(.constdata)
    OSCfg_TickTaskPrio                       0x0800ea5c   Data           1  os_cfg_app.o(.constdata)
    OSCfg_TickTaskStkBasePtr                 0x0800ea60   Data           4  os_cfg_app.o(.constdata)
    OSCfg_TickTaskStkLimit                   0x0800ea64   Data           4  os_cfg_app.o(.constdata)
    OSCfg_TickTaskStkSize                    0x0800ea68   Data           4  os_cfg_app.o(.constdata)
    OSCfg_TickTaskStkSizeRAM                 0x0800ea6c   Data           4  os_cfg_app.o(.constdata)
    OSCfg_TickWheelSize                      0x0800ea70   Data           2  os_cfg_app.o(.constdata)
    OSCfg_TickWheelSizeRAM                   0x0800ea74   Data           4  os_cfg_app.o(.constdata)
    OSCfg_TmrTaskPrio                        0x0800ea78   Data           1  os_cfg_app.o(.constdata)
    OSCfg_TmrTaskRate_Hz                     0x0800ea7c   Data           4  os_cfg_app.o(.constdata)
    OSCfg_TmrTaskStkBasePtr                  0x0800ea80   Data           4  os_cfg_app.o(.constdata)
    OSCfg_TmrTaskStkLimit                    0x0800ea84   Data           4  os_cfg_app.o(.constdata)
    OSCfg_TmrTaskStkSize                     0x0800ea88   Data           4  os_cfg_app.o(.constdata)
    OSCfg_TmrTaskStkSizeRAM                  0x0800ea8c   Data           4  os_cfg_app.o(.constdata)
    OSCfg_TmrWheelSize                       0x0800ea90   Data           2  os_cfg_app.o(.constdata)
    OSCfg_TmrWheelSizeRAM                    0x0800ea94   Data           4  os_cfg_app.o(.constdata)
    OSCfg_DataSizeRAM                        0x0800ea98   Data           4  os_cfg_app.o(.constdata)
    OSDbg_DbgEn                              0x0800ea9c   Data           2  os_dbg.o(.constdata)
    OSDbg_ArgChkEn                           0x0800ea9e   Data           1  os_dbg.o(.constdata)
    OSDbg_AppHooksEn                         0x0800ea9f   Data           1  os_dbg.o(.constdata)
    OSDbg_EndiannessTest                     0x0800eaa0   Data           4  os_dbg.o(.constdata)
    OSDbg_CalledFromISRChkEn                 0x0800eaa4   Data           1  os_dbg.o(.constdata)
    OSDbg_FlagEn                             0x0800eaa5   Data           1  os_dbg.o(.constdata)
    OSDbg_FlagGrp                            0x0800eaa8   Data          40  os_dbg.o(.constdata)
    OSDbg_FlagDelEn                          0x0800ead0   Data           1  os_dbg.o(.constdata)
    OSDbg_FlagModeClrEn                      0x0800ead1   Data           1  os_dbg.o(.constdata)
    OSDbg_FlagPendAbortEn                    0x0800ead2   Data           1  os_dbg.o(.constdata)
    OSDbg_FlagGrpSize                        0x0800ead4   Data           2  os_dbg.o(.constdata)
    OSDbg_FlagWidth                          0x0800ead6   Data           2  os_dbg.o(.constdata)
    OSDbg_IntQ                               0x0800ead8   Data           2  os_dbg.o(.constdata)
    OSDbg_ISRPostDeferredEn                  0x0800eada   Data           1  os_dbg.o(.constdata)
    OSDbg_Mem                                0x0800eadc   Data          32  os_dbg.o(.constdata)
    OSDbg_MemEn                              0x0800eafc   Data           1  os_dbg.o(.constdata)
    OSDbg_MemSize                            0x0800eafe   Data           2  os_dbg.o(.constdata)
    OSDbg_MsgEn                              0x0800eb00   Data           1  os_dbg.o(.constdata)
    OSDbg_MsgSize                            0x0800eb02   Data           2  os_dbg.o(.constdata)
    OSDbg_MsgPoolSize                        0x0800eb04   Data           2  os_dbg.o(.constdata)
    OSDbg_MsgQSize                           0x0800eb06   Data           2  os_dbg.o(.constdata)
    OSDbg_Mutex                              0x0800eb08   Data          44  os_dbg.o(.constdata)
    OSDbg_MutexEn                            0x0800eb34   Data           1  os_dbg.o(.constdata)
    OSDbg_MutexDelEn                         0x0800eb35   Data           1  os_dbg.o(.constdata)
    OSDbg_MutexPendAbortEn                   0x0800eb36   Data           1  os_dbg.o(.constdata)
    OSDbg_MutexSize                          0x0800eb38   Data           2  os_dbg.o(.constdata)
    OSDbg_ObjTypeChkEn                       0x0800eb3a   Data           1  os_dbg.o(.constdata)
    OSDbg_PendMultiEn                        0x0800eb3b   Data           1  os_dbg.o(.constdata)
    OSDbg_PendDataSize                       0x0800eb3c   Data           2  os_dbg.o(.constdata)
    OSDbg_PendListSize                       0x0800eb3e   Data           2  os_dbg.o(.constdata)
    OSDbg_PendObjSize                        0x0800eb40   Data           2  os_dbg.o(.constdata)
    OSDbg_PrioMax                            0x0800eb42   Data           2  os_dbg.o(.constdata)
    OSDbg_PrioTblSize                        0x0800eb44   Data           2  os_dbg.o(.constdata)
    OSDbg_PtrSize                            0x0800eb46   Data           2  os_dbg.o(.constdata)
    OSDbg_Q                                  0x0800eb48   Data          48  os_dbg.o(.constdata)
    OSDbg_QEn                                0x0800eb78   Data           1  os_dbg.o(.constdata)
    OSDbg_QDelEn                             0x0800eb79   Data           1  os_dbg.o(.constdata)
    OSDbg_QFlushEn                           0x0800eb7a   Data           1  os_dbg.o(.constdata)
    OSDbg_QPendAbortEn                       0x0800eb7b   Data           1  os_dbg.o(.constdata)
    OSDbg_QSize                              0x0800eb7c   Data           2  os_dbg.o(.constdata)
    OSDbg_SchedRoundRobinEn                  0x0800eb7e   Data           1  os_dbg.o(.constdata)
    OSDbg_Sem                                0x0800eb80   Data          40  os_dbg.o(.constdata)
    OSDbg_SemEn                              0x0800eba8   Data           1  os_dbg.o(.constdata)
    OSDbg_SemDelEn                           0x0800eba9   Data           1  os_dbg.o(.constdata)
    OSDbg_SemPendAbortEn                     0x0800ebaa   Data           1  os_dbg.o(.constdata)
    OSDbg_SemSetEn                           0x0800ebab   Data           1  os_dbg.o(.constdata)
    OSDbg_SemSize                            0x0800ebac   Data           2  os_dbg.o(.constdata)
    OSDbg_RdyList                            0x0800ebae   Data           2  os_dbg.o(.constdata)
    OSDbg_RdyListSize                        0x0800ebb0   Data           4  os_dbg.o(.constdata)
    OSDbg_StkWidth                           0x0800ebb4   Data           1  os_dbg.o(.constdata)
    OSDbg_StatTaskEn                         0x0800ebb5   Data           1  os_dbg.o(.constdata)
    OSDbg_StatTaskStkChkEn                   0x0800ebb6   Data           1  os_dbg.o(.constdata)
    OSDbg_TaskChangePrioEn                   0x0800ebb7   Data           1  os_dbg.o(.constdata)
    OSDbg_TaskDelEn                          0x0800ebb8   Data           1  os_dbg.o(.constdata)
    OSDbg_TaskQEn                            0x0800ebb9   Data           1  os_dbg.o(.constdata)
    OSDbg_TaskQPendAbortEn                   0x0800ebba   Data           1  os_dbg.o(.constdata)
    OSDbg_TaskProfileEn                      0x0800ebbb   Data           1  os_dbg.o(.constdata)
    OSDbg_TaskRegTblSize                     0x0800ebbc   Data           2  os_dbg.o(.constdata)
    OSDbg_TaskSemPendAbortEn                 0x0800ebbe   Data           1  os_dbg.o(.constdata)
    OSDbg_TaskSuspendEn                      0x0800ebbf   Data           1  os_dbg.o(.constdata)
    OSDbg_TCBSize                            0x0800ebc0   Data           2  os_dbg.o(.constdata)
    OSDbg_TickSpokeSize                      0x0800ebc2   Data           2  os_dbg.o(.constdata)
    OSDbg_TimeDlyHMSMEn                      0x0800ebc4   Data           1  os_dbg.o(.constdata)
    OSDbg_TimeDlyResumeEn                    0x0800ebc5   Data           1  os_dbg.o(.constdata)
    OSDbg_TLS_TblSize                        0x0800ebc6   Data           2  os_dbg.o(.constdata)
    OSDbg_Tmr                                0x0800ebc8   Data          52  os_dbg.o(.constdata)
    OSDbg_TmrEn                              0x0800ebfc   Data           1  os_dbg.o(.constdata)
    OSDbg_TmrDelEn                           0x0800ebfd   Data           1  os_dbg.o(.constdata)
    OSDbg_TmrSize                            0x0800ebfe   Data           2  os_dbg.o(.constdata)
    OSDbg_TmrSpokeSize                       0x0800ec00   Data           2  os_dbg.o(.constdata)
    OSDbg_VersionNbr                         0x0800ec02   Data           2  os_dbg.o(.constdata)
    OSDbg_DataSize                           0x0800ec04   Data           4  os_dbg.o(.constdata)
    Region$$Table$$Base                      0x0800ec08   Number         0  anon$$obj.o(Region$$Table)
    Region$$Table$$Limit                     0x0800ec28   Number         0  anon$$obj.o(Region$$Table)
    SystemCoreClock                          0x20000000   Data           4  system_stm32f4xx.o(.data)
    AHBPrescTable                            0x20000004   Data          16  system_stm32f4xx.o(.data)
    USART1_RxCnt                             0x20000024   Data           1  usart.o(.data)
    __stdout                                 0x20000028   Data           4  usart.o(.data)
    CPU_TS_TmrFreq_Hz                        0x20000040   Data           4  cpu_core.o(.data)
    Mem_PoolTbl                              0x20000044   Data           4  lib_mem.o(.data)
    OSPrioTbl                                0x20000048   Data           8  os_prio.o(.data)
    OS_AppTaskCreateHookPtr                  0x20000050   Data           4  os_var.o(.data)
    OS_AppTaskDelHookPtr                     0x20000054   Data           4  os_var.o(.data)
    OS_AppTaskReturnHookPtr                  0x20000058   Data           4  os_var.o(.data)
    OS_AppIdleTaskHookPtr                    0x2000005c   Data           4  os_var.o(.data)
    OS_AppStatTaskHookPtr                    0x20000060   Data           4  os_var.o(.data)
    OS_AppTaskSwHookPtr                      0x20000064   Data           4  os_var.o(.data)
    OS_AppTimeTickHookPtr                    0x20000068   Data           4  os_var.o(.data)
    OSIdleTaskCtr                            0x2000006c   Data           4  os_var.o(.data)
    OSIntNestingCtr                          0x20000070   Data           1  os_var.o(.data)
    OSRunning                                0x20000071   Data           1  os_var.o(.data)
    OSIntQInPtr                              0x20000074   Data           4  os_var.o(.data)
    OSIntQOutPtr                             0x20000078   Data           4  os_var.o(.data)
    OSIntQNbrEntries                         0x2000007c   Data           2  os_var.o(.data)
    OSIntQNbrEntriesMax                      0x2000007e   Data           2  os_var.o(.data)
    OSIntQOvfCtr                             0x20000080   Data           2  os_var.o(.data)
    OSIntQTaskTimeMax                        0x20000084   Data           4  os_var.o(.data)
    OSFlagDbgListPtr                         0x20000088   Data           4  os_var.o(.data)
    OSFlagQty                                0x2000008c   Data           2  os_var.o(.data)
    OSMemDbgListPtr                          0x20000090   Data           4  os_var.o(.data)
    OSMemQty                                 0x20000094   Data           2  os_var.o(.data)
    OSMutexDbgListPtr                        0x20000098   Data           4  os_var.o(.data)
    OSMutexQty                               0x2000009c   Data           2  os_var.o(.data)
    OSPrioCur                                0x2000009e   Data           1  os_var.o(.data)
    OSPrioHighRdy                            0x2000009f   Data           1  os_var.o(.data)
    OSPrioSaved                              0x200000a0   Data           1  os_var.o(.data)
    OSQDbgListPtr                            0x200000a4   Data           4  os_var.o(.data)
    OSQQty                                   0x200000a8   Data           2  os_var.o(.data)
    OSSchedLockTimeBegin                     0x200000ac   Data           4  os_var.o(.data)
    OSSchedLockTimeMax                       0x200000b0   Data           4  os_var.o(.data)
    OSSchedLockTimeMaxCur                    0x200000b4   Data           4  os_var.o(.data)
    OSSchedLockNestingCtr                    0x200000b8   Data           1  os_var.o(.data)
    OSSchedRoundRobinDfltTimeQuanta          0x200000bc   Data           4  os_var.o(.data)
    OSSchedRoundRobinEn                      0x200000c0   Data           1  os_var.o(.data)
    OSSemDbgListPtr                          0x200000c4   Data           4  os_var.o(.data)
    OSSemQty                                 0x200000c8   Data           2  os_var.o(.data)
    OSStatResetFlag                          0x200000ca   Data           1  os_var.o(.data)
    OSStatTaskCPUUsage                       0x200000cc   Data           2  os_var.o(.data)
    OSStatTaskCPUUsageMax                    0x200000ce   Data           2  os_var.o(.data)
    OSStatTaskCtr                            0x200000d0   Data           4  os_var.o(.data)
    OSStatTaskCtrMax                         0x200000d4   Data           4  os_var.o(.data)
    OSStatTaskCtrRun                         0x200000d8   Data           4  os_var.o(.data)
    OSStatTaskRdy                            0x200000dc   Data           1  os_var.o(.data)
    OSStatTaskTimeMax                        0x200000e0   Data           4  os_var.o(.data)
    OSTaskCtxSwCtr                           0x200000e4   Data           4  os_var.o(.data)
    OSTaskDbgListPtr                         0x200000e8   Data           4  os_var.o(.data)
    OSTaskQty                                0x200000ec   Data           2  os_var.o(.data)
    OSTaskRegNextAvailID                     0x200000ee   Data           1  os_var.o(.data)
    OSTickCtr                                0x200000f0   Data           4  os_var.o(.data)
    OSTickTaskTimeMax                        0x200000f4   Data           4  os_var.o(.data)
    OSTmrDbgListPtr                          0x200000f8   Data           4  os_var.o(.data)
    OSTmrQty                                 0x200000fc   Data           2  os_var.o(.data)
    OSTmrTaskTimeMax                         0x20000100   Data           4  os_var.o(.data)
    OSTmrTickCtr                             0x20000104   Data           4  os_var.o(.data)
    OSTmrUpdateCnt                           0x20000108   Data           4  os_var.o(.data)
    OSTmrUpdateCtr                           0x2000010c   Data           4  os_var.o(.data)
    OSTCBCurPtr                              0x20000110   Data           4  os_var.o(.data)
    OSTCBHighRdyPtr                          0x20000114   Data           4  os_var.o(.data)
    OS_CPU_ExceptStkBase                     0x20000118   Data           4  os_cpu_c.o(.data)
    StartTaskTCB                             0x2000011c   Data         196  main.o(.bss)
    START_TASK_STK                           0x200001e0   Data         512  main.o(.bss)
    MAIN_TaskTCB                             0x200003e0   Data         196  main.o(.bss)
    MAIN_TASK_STK                            0x200004a4   Data         512  main.o(.bss)
    SPORT_TaskTCB                            0x200006a4   Data         196  main.o(.bss)
    SPORT_TASK_STK                           0x20000768   Data         512  main.o(.bss)
    CAN_TaskTCB                              0x20000968   Data         196  main.o(.bss)
    CAN_TASK_STK                             0x20000a2c   Data         512  main.o(.bss)
    RESPOND_TaskTCB                          0x20000c2c   Data         196  main.o(.bss)
    RESPOND_TASK_STK                         0x20000cf0   Data         512  main.o(.bss)
    UNDM_TaskTCB                             0x20000ef0   Data         196  main.o(.bss)
    UNDM_TASK_STK                            0x20000fb4   Data        1024  main.o(.bss)
    UNDM_FLAG_GRP                            0x200013b4   Data          40  main.o(.bss)
    CAN_SEM                                  0x200013dc   Data          40  main.o(.bss)
    my_agv                                   0x20001404   Data         128  system.o(.bss)
    USART1_RxBuffer                          0x20001484   Data          12  usart.o(.bss)
    USART1_DMA_RxBuffer                      0x20001490   Data          12  usart.o(.bss)
    RxMessage                                0x200014a8   Data          20  can.o(.bss)
    g_USSensor                               0x200014bc   Data          48  undm.o(.bss)
    CPU_Name                                 0x200014ec   Data          16  cpu_core.o(.bss)
    Mem_PoolHeap                             0x200014fc   Data          72  lib_mem.o(.bss)
    Mem_Heap                                 0x20001544   Data        1024  lib_mem.o(.bss)
    OSCfg_IdleTaskStk                        0x20001944   Data         512  os_cfg_app.o(.bss)
    OSCfg_IntQ                               0x20001b44   Data         320  os_cfg_app.o(.bss)
    OSCfg_IntQTaskStk                        0x20001c84   Data         512  os_cfg_app.o(.bss)
    OSCfg_ISRStk                             0x20001e84   Data         512  os_cfg_app.o(.bss)
    OSCfg_MsgPool                            0x20002084   Data        1600  os_cfg_app.o(.bss)
    OSCfg_StatTaskStk                        0x200026c4   Data         512  os_cfg_app.o(.bss)
    OSCfg_TickTaskStk                        0x200028c4   Data         512  os_cfg_app.o(.bss)
    OSCfg_TickWheel                          0x20002ac4   Data         136  os_cfg_app.o(.bss)
    OSCfg_TmrTaskStk                         0x20002b4c   Data         512  os_cfg_app.o(.bss)
    OSCfg_TmrWheel                           0x20002d4c   Data         136  os_cfg_app.o(.bss)
    OSIdleTaskTCB                            0x20002dd4   Data         196  os_var.o(.bss)
    OSIntQTaskTCB                            0x20002e98   Data         196  os_var.o(.bss)
    OSMsgPool                                0x20002f5c   Data          12  os_var.o(.bss)
    OSRdyList                                0x20002f68   Data         768  os_var.o(.bss)
    OSStatTaskTCB                            0x20003268   Data         196  os_var.o(.bss)
    OSTickTaskTCB                            0x2000332c   Data         196  os_var.o(.bss)
    OSTmrTaskTCB                             0x200033f0   Data         196  os_var.o(.bss)
    __libspace_start                         0x200034b4   Data          96  libspace.o(.bss)
    __temporary_stack_top$libspace           0x20003514   Data           0  libspace.o(.bss)



==============================================================================

Memory Map of the image

  Image Entry point : 0x08000189

  Load Region LR_IROM1 (Base: 0x08000000, Size: 0x0000ed44, Max: 0x00100000, ABSOLUTE)

    Execution Region ER_IROM1 (Exec base: 0x08000000, Load base: 0x08000000, Size: 0x0000ec28, Max: 0x00100000, ABSOLUTE)

    Exec Addr    Load Addr    Size         Type   Attr      Idx    E Section Name        Object

    0x08000000   0x08000000   0x00000188   Data   RO          688    RESET               startup_stm32f40_41xxx.o
    0x08000188   0x08000188   0x00000008   Code   RO         1370  * !!!main             c_w.l(__main.o)
    0x08000190   0x08000190   0x00000034   Code   RO         1593    !!!scatter          c_w.l(__scatter.o)
    0x080001c4   0x080001c4   0x0000001a   Code   RO         1595    !!handler_copy      c_w.l(__scatter_copy.o)
    0x080001de   0x080001de   0x00000002   PAD
    0x080001e0   0x080001e0   0x0000001c   Code   RO         1597    !!handler_zi        c_w.l(__scatter_zi.o)
    0x080001fc   0x080001fc   0x00000000   Code   RO         1365    .ARM.Collect$$_printf_percent$$00000000  c_w.l(_printf_percent.o)
    0x080001fc   0x080001fc   0x00000004   Code   RO         1415    .ARM.Collect$$_printf_percent$$00000017  c_w.l(_printf_percent_end.o)
    0x08000200   0x08000200   0x00000002   Code   RO         1467    .ARM.Collect$$libinit$$00000000  c_w.l(libinit.o)
    0x08000202   0x08000202   0x00000004   Code   RO         1479    .ARM.Collect$$libinit$$00000001  c_w.l(libinit2.o)
    0x08000206   0x08000206   0x00000000   Code   RO         1482    .ARM.Collect$$libinit$$00000004  c_w.l(libinit2.o)
    0x08000206   0x08000206   0x00000000   Code   RO         1485    .ARM.Collect$$libinit$$0000000A  c_w.l(libinit2.o)
    0x08000206   0x08000206   0x00000000   Code   RO         1487    .ARM.Collect$$libinit$$0000000C  c_w.l(libinit2.o)
    0x08000206   0x08000206   0x00000000   Code   RO         1489    .ARM.Collect$$libinit$$0000000E  c_w.l(libinit2.o)
    0x08000206   0x08000206   0x00000000   Code   RO         1492    .ARM.Collect$$libinit$$00000011  c_w.l(libinit2.o)
    0x08000206   0x08000206   0x00000000   Code   RO         1494    .ARM.Collect$$libinit$$00000013  c_w.l(libinit2.o)
    0x08000206   0x08000206   0x00000000   Code   RO         1496    .ARM.Collect$$libinit$$00000015  c_w.l(libinit2.o)
    0x08000206   0x08000206   0x00000000   Code   RO         1498    .ARM.Collect$$libinit$$00000017  c_w.l(libinit2.o)
    0x08000206   0x08000206   0x00000000   Code   RO         1500    .ARM.Collect$$libinit$$00000019  c_w.l(libinit2.o)
    0x08000206   0x08000206   0x00000000   Code   RO         1502    .ARM.Collect$$libinit$$0000001B  c_w.l(libinit2.o)
    0x08000206   0x08000206   0x00000000   Code   RO         1504    .ARM.Collect$$libinit$$0000001D  c_w.l(libinit2.o)
    0x08000206   0x08000206   0x00000000   Code   RO         1506    .ARM.Collect$$libinit$$0000001F  c_w.l(libinit2.o)
    0x08000206   0x08000206   0x00000000   Code   RO         1508    .ARM.Collect$$libinit$$00000021  c_w.l(libinit2.o)
    0x08000206   0x08000206   0x00000000   Code   RO         1510    .ARM.Collect$$libinit$$00000023  c_w.l(libinit2.o)
    0x08000206   0x08000206   0x00000000   Code   RO         1512    .ARM.Collect$$libinit$$00000025  c_w.l(libinit2.o)
    0x08000206   0x08000206   0x00000000   Code   RO         1516    .ARM.Collect$$libinit$$0000002C  c_w.l(libinit2.o)
    0x08000206   0x08000206   0x00000000   Code   RO         1518    .ARM.Collect$$libinit$$0000002E  c_w.l(libinit2.o)
    0x08000206   0x08000206   0x00000000   Code   RO         1520    .ARM.Collect$$libinit$$00000030  c_w.l(libinit2.o)
    0x08000206   0x08000206   0x00000000   Code   RO         1522    .ARM.Collect$$libinit$$00000032  c_w.l(libinit2.o)
    0x08000206   0x08000206   0x00000002   Code   RO         1523    .ARM.Collect$$libinit$$00000033  c_w.l(libinit2.o)
    0x08000208   0x08000208   0x00000002   Code   RO         1549    .ARM.Collect$$libshutdown$$00000000  c_w.l(libshutdown.o)
    0x0800020a   0x0800020a   0x00000000   Code   RO         1576    .ARM.Collect$$libshutdown$$00000002  c_w.l(libshutdown2.o)
    0x0800020a   0x0800020a   0x00000000   Code   RO         1578    .ARM.Collect$$libshutdown$$00000004  c_w.l(libshutdown2.o)
    0x0800020a   0x0800020a   0x00000000   Code   RO         1581    .ARM.Collect$$libshutdown$$00000007  c_w.l(libshutdown2.o)
    0x0800020a   0x0800020a   0x00000000   Code   RO         1584    .ARM.Collect$$libshutdown$$0000000A  c_w.l(libshutdown2.o)
    0x0800020a   0x0800020a   0x00000000   Code   RO         1586    .ARM.Collect$$libshutdown$$0000000C  c_w.l(libshutdown2.o)
    0x0800020a   0x0800020a   0x00000000   Code   RO         1589    .ARM.Collect$$libshutdown$$0000000F  c_w.l(libshutdown2.o)
    0x0800020a   0x0800020a   0x00000002   Code   RO         1590    .ARM.Collect$$libshutdown$$00000010  c_w.l(libshutdown2.o)
    0x0800020c   0x0800020c   0x00000000   Code   RO         1406    .ARM.Collect$$rtentry$$00000000  c_w.l(__rtentry.o)
    0x0800020c   0x0800020c   0x00000000   Code   RO         1430    .ARM.Collect$$rtentry$$00000002  c_w.l(__rtentry2.o)
    0x0800020c   0x0800020c   0x00000006   Code   RO         1442    .ARM.Collect$$rtentry$$00000004  c_w.l(__rtentry4.o)
    0x08000212   0x08000212   0x00000000   Code   RO         1432    .ARM.Collect$$rtentry$$00000009  c_w.l(__rtentry2.o)
    0x08000212   0x08000212   0x00000004   Code   RO         1433    .ARM.Collect$$rtentry$$0000000A  c_w.l(__rtentry2.o)
    0x08000216   0x08000216   0x00000000   Code   RO         1435    .ARM.Collect$$rtentry$$0000000C  c_w.l(__rtentry2.o)
    0x08000216   0x08000216   0x00000008   Code   RO         1436    .ARM.Collect$$rtentry$$0000000D  c_w.l(__rtentry2.o)
    0x0800021e   0x0800021e   0x00000002   Code   RO         1471    .ARM.Collect$$rtexit$$00000000  c_w.l(rtexit.o)
    0x08000220   0x08000220   0x00000000   Code   RO         1525    .ARM.Collect$$rtexit$$00000002  c_w.l(rtexit2.o)
    0x08000220   0x08000220   0x00000004   Code   RO         1526    .ARM.Collect$$rtexit$$00000003  c_w.l(rtexit2.o)
    0x08000224   0x08000224   0x00000006   Code   RO         1527    .ARM.Collect$$rtexit$$00000004  c_w.l(rtexit2.o)
    0x0800022a   0x0800022a   0x00000002   PAD
    0x0800022c   0x0800022c   0x000003e8   Code   RO            3    .text               main.o
    0x08000614   0x08000614   0x00000016   Code   RO          223    .text               stm32f4xx_it.o
    0x0800062a   0x0800062a   0x00000002   PAD
    0x0800062c   0x0800062c   0x00000210   Code   RO          272    .text               system_stm32f4xx.o
    0x0800083c   0x0800083c   0x000001c8   Code   RO          298    .text               move.o
    0x08000a04   0x08000a04   0x00000174   Code   RO          333    .text               system.o
    0x08000b78   0x08000b78   0x000001e0   Code   RO          369    .text               respond.o
    0x08000d58   0x08000d58   0x00000148   Code   RO          389    .text               delay.o
    0x08000ea0   0x08000ea0   0x000001e8   Code   RO          439    .text               usart.o
    0x08001088   0x08001088   0x0000023c   Code   RO          470    .text               can.o
    0x080012c4   0x080012c4   0x000000a2   Code   RO          497    .text               dma.o
    0x08001366   0x08001366   0x0000002c   Code   RO          540    .text               iwdg.o
    0x08001392   0x08001392   0x00000002   PAD
    0x08001394   0x08001394   0x00000040   Code   RO          560    .text               led.o
    0x080013d4   0x080013d4   0x00000104   Code   RO          618    .text               key.o
    0x080014d8   0x080014d8   0x0000031c   Code   RO          639    .text               servo.o
    0x080017f4   0x080017f4   0x00000274   Code   RO          662    .text               undm.o
    0x08001a68   0x08001a68   0x00000040   Code   RO          689    .text               startup_stm32f40_41xxx.o
    0x08001aa8   0x08001aa8   0x000000e0   Code   RO          695    .text               misc.o
    0x08001b88   0x08001b88   0x00000294   Code   RO          715    .text               stm32f4xx_gpio.o
    0x08001e1c   0x08001e1c   0x0000065c   Code   RO          735    .text               stm32f4xx_rcc.o
    0x08002478   0x08002478   0x00000454   Code   RO          777    .text               stm32f4xx_usart.o
    0x080028cc   0x080028cc   0x00000ca2   Code   RO          820    .text               stm32f4xx_tim.o
    0x0800356e   0x0800356e   0x00000002   PAD
    0x08003570   0x08003570   0x000009f0   Code   RO          840    .text               stm32f4xx_can.o
    0x08003f60   0x08003f60   0x000003a8   Code   RO          860    .text               stm32f4xx_dma.o
    0x08004308   0x08004308   0x00000040   Code   RO          880    .text               stm32f4xx_iwdg.o
    0x08004348   0x08004348   0x00000084   Code   RO          900    .text               bsp.o
    0x080043cc   0x080043cc   0x000002a8   Code   RO          933    .text               cpu_core.o
    0x08004674   0x08004674   0x00000034   Code   RO          959    .text               cpu_a.o
    0x080046a8   0x080046a8   0x00000256   Code   RO          962    .text               lib_ascii.o
    0x080048fe   0x080048fe   0x00000002   PAD
    0x08004900   0x08004900   0x000009c6   Code   RO          995    .text               lib_mem.o
    0x080052c6   0x080052c6   0x00000002   PAD
    0x080052c8   0x080052c8   0x0000092c   Code   RO         1014    .text               lib_str.o
    0x08005bf4   0x08005bf4   0x00000220   Code   RO         1031    .text               lib_mem_a.o
    0x08005e14   0x08005e14   0x000000fc   Code   RO         1034    .text               os_cfg_app.o
    0x08005f10   0x08005f10   0x00000df0   Code   RO         1057    .text               os_core.o
    0x08006d00   0x08006d00   0x000001b0   Code   RO         1069    .text               os_dbg.o
    0x08006eb0   0x08006eb0   0x00000e28   Code   RO         1084    .text               os_flag.o
    0x08007cd8   0x08007cd8   0x00000444   Code   RO         1096    .text               os_int.o
    0x0800811c   0x0800811c   0x00000238   Code   RO         1108    .text               os_mem.o
    0x08008354   0x08008354   0x0000022c   Code   RO         1120    .text               os_msg.o
    0x08008580   0x08008580   0x00000ad4   Code   RO         1132    .text               os_mutex.o
    0x08009054   0x08009054   0x0000007c   Code   RO         1150    .text               os_prio.o
    0x080090d0   0x080090d0   0x000008d8   Code   RO         1169    .text               os_q.o
    0x080099a8   0x080099a8   0x00000830   Code   RO         1181    .text               os_sem.o
    0x0800a1d8   0x0800a1d8   0x00000638   Code   RO         1193    .text               os_stat.o
    0x0800a810   0x0800a810   0x00001bb4   Code   RO         1205    .text               os_task.o
    0x0800c3c4   0x0800c3c4   0x000004fc   Code   RO         1217    .text               os_tick.o
    0x0800c8c0   0x0800c8c0   0x00000564   Code   RO         1229    .text               os_time.o
    0x0800ce24   0x0800ce24   0x00000818   Code   RO         1241    .text               os_tmr.o
    0x0800d63c   0x0800d63c   0x000003f8   Code   RO         1269    .text               os_cpu_c.o
    0x0800da34   0x0800da34   0x00000002   Code   RO         1313    .text               c_w.l(use_no_semi_2.o)
    0x0800da36   0x0800da36   0x000000ee   Code   RO         1315    .text               c_w.l(lludivv7m.o)
    0x0800db24   0x0800db24   0x00000018   Code   RO         1319    .text               c_w.l(noretval__2printf.o)
    0x0800db3c   0x0800db3c   0x00000068   Code   RO         1321    .text               c_w.l(__printf.o)
    0x0800dba4   0x0800dba4   0x0000008a   Code   RO         1366    .text               c_w.l(rt_memcpy_v6.o)
    0x0800dc2e   0x0800dc2e   0x00000006   Code   RO         1368    .text               c_w.l(heapauxi.o)
    0x0800dc34   0x0800dc34   0x00000002   Code   RO         1404    .text               c_w.l(use_no_semi.o)
    0x0800dc36   0x0800dc36   0x00000002   PAD
    0x0800dc38   0x0800dc38   0x00000024   Code   RO         1413    .text               c_w.l(_printf_char_file.o)
    0x0800dc5c   0x0800dc5c   0x00000064   Code   RO         1416    .text               c_w.l(rt_memcpy_w.o)
    0x0800dcc0   0x0800dcc0   0x00000030   Code   RO         1446    .text               c_w.l(_printf_char_common.o)
    0x0800dcf0   0x0800dcf0   0x00000008   Code   RO         1448    .text               c_w.l(ferror.o)
    0x0800dcf8   0x0800dcf8   0x0000004a   Code   RO         1452    .text               c_w.l(sys_stackheap_outer.o)
    0x0800dd42   0x0800dd42   0x00000012   Code   RO         1456    .text               c_w.l(exit.o)
    0x0800dd54   0x0800dd54   0x00000008   Code   RO         1468    .text               c_w.l(libspace.o)
    0x0800dd5c   0x0800dd5c   0x000000ac   Code   RO         1293    CODE                os_cpu_a.o
    0x0800de08   0x0800de08   0x00000062   Code   RO         1372    x$fpl$d2f           fz_wm.l(d2f.o)
    0x0800de6a   0x0800de6a   0x00000002   PAD
    0x0800de6c   0x0800de6c   0x00000150   Code   RO         1374    x$fpl$dadd          fz_wm.l(daddsub_clz.o)
    0x0800dfbc   0x0800dfbc   0x00000018   Code   RO         1418    x$fpl$dcmpinf       fz_wm.l(dcmpi.o)
    0x0800dfd4   0x0800dfd4   0x000002b0   Code   RO         1381    x$fpl$ddiv          fz_wm.l(ddiv.o)
    0x0800e284   0x0800e284   0x00000078   Code   RO         1384    x$fpl$deqf          fz_wm.l(deqf.o)
    0x0800e2fc   0x0800e2fc   0x0000005e   Code   RO         1386    x$fpl$dfix          fz_wm.l(dfix.o)
    0x0800e35a   0x0800e35a   0x00000026   Code   RO         1394    x$fpl$dfltu         fz_wm.l(dflt_clz.o)
    0x0800e380   0x0800e380   0x00000154   Code   RO         1400    x$fpl$dmul          fz_wm.l(dmul.o)
    0x0800e4d4   0x0800e4d4   0x0000009c   Code   RO         1420    x$fpl$dnaninf       fz_wm.l(dnaninf.o)
    0x0800e570   0x0800e570   0x0000000c   Code   RO         1422    x$fpl$dretinf       fz_wm.l(dretinf.o)
    0x0800e57c   0x0800e57c   0x00000016   Code   RO         1375    x$fpl$drsb          fz_wm.l(daddsub_clz.o)
    0x0800e592   0x0800e592   0x00000002   PAD
    0x0800e594   0x0800e594   0x000001d4   Code   RO         1376    x$fpl$dsub          fz_wm.l(daddsub_clz.o)
    0x0800e768   0x0800e768   0x00000056   Code   RO         1402    x$fpl$f2d           fz_wm.l(f2d.o)
    0x0800e7be   0x0800e7be   0x0000008c   Code   RO         1424    x$fpl$fnaninf       fz_wm.l(fnaninf.o)
    0x0800e84a   0x0800e84a   0x0000000a   Code   RO         1537    x$fpl$fpinit        fz_wm.l(fpinit.o)
    0x0800e854   0x0800e854   0x0000000a   Code   RO         1426    x$fpl$fretinf       fz_wm.l(fretinf.o)
    0x0800e85e   0x0800e85e   0x00000000   Code   RO         1428    x$fpl$usenofp       fz_wm.l(usenofp.o)
    0x0800e85e   0x0800e85e   0x00000002   PAD
    0x0800e860   0x0800e860   0x00000104   Data   RO          935    .constdata          cpu_core.o
    0x0800e964   0x0800e964   0x00000094   Data   RO         1015    .constdata          lib_str.o
    0x0800e9f8   0x0800e9f8   0x000000a4   Data   RO         1036    .constdata          os_cfg_app.o
    0x0800ea9c   0x0800ea9c   0x0000016c   Data   RO         1070    .constdata          os_dbg.o
    0x0800ec08   0x0800ec08   0x00000020   Data   RO         1591    Region$$Table       anon$$obj.o


    Execution Region RW_IRAM1 (Exec base: 0x20000000, Load base: 0x0800ec28, Size: 0x00003b18, Max: 0x00020000, ABSOLUTE)

    Exec Addr    Load Addr    Size         Type   Attr      Idx    E Section Name        Object

    0x20000000   0x0800ec28   0x00000014   Data   RW          273    .data               system_stm32f4xx.o
    0x20000014   0x0800ec3c   0x00000008   Data   RW          299    .data               move.o
    0x2000001c   0x0800ec44   0x00000002   Data   RW          335    .data               system.o
    0x2000001e   0x0800ec46   0x00000004   Data   RW          390    .data               delay.o
    0x20000022   0x0800ec4a   0x00000002   PAD
    0x20000024   0x0800ec4c   0x00000008   Data   RW          441    .data               usart.o
    0x2000002c   0x0800ec54   0x00000001   Data   RW          619    .data               key.o
    0x2000002d   0x0800ec55   0x00000010   Data   RW          736    .data               stm32f4xx_rcc.o
    0x2000003d   0x0800ec65   0x00000003   PAD
    0x20000040   0x0800ec68   0x00000004   Data   RW          936    .data               cpu_core.o
    0x20000044   0x0800ec6c   0x00000004   Data   RW          997    .data               lib_mem.o
    0x20000048   0x0800ec70   0x00000008   Data   RW         1151    .data               os_prio.o
    0x20000050   0x0800ec78   0x000000c8   Data   RW         1254    .data               os_var.o
    0x20000118   0x0800ed40   0x00000004   Data   RW         1270    .data               os_cpu_c.o
    0x2000011c        -       0x000012e8   Zero   RW            4    .bss                main.o
    0x20001404        -       0x00000080   Zero   RW          334    .bss                system.o
    0x20001484        -       0x00000024   Zero   RW          440    .bss                usart.o
    0x200014a8        -       0x00000014   Zero   RW          471    .bss                can.o
    0x200014bc        -       0x00000030   Zero   RW          663    .bss                undm.o
    0x200014ec        -       0x00000010   Zero   RW          934    .bss                cpu_core.o
    0x200014fc        -       0x00000448   Zero   RW          996    .bss                lib_mem.o
    0x20001944        -       0x00001490   Zero   RW         1035    .bss                os_cfg_app.o
    0x20002dd4        -       0x000006e0   Zero   RW         1253    .bss                os_var.o
    0x200034b4        -       0x00000060   Zero   RW         1469    .bss                c_w.l(libspace.o)
    0x20003514   0x0800ed44   0x00000004   PAD
    0x20003518        -       0x00000200   Zero   RW          687    HEAP                startup_stm32f40_41xxx.o
    0x20003718        -       0x00000400   Zero   RW          686    STACK               startup_stm32f40_41xxx.o


==============================================================================

Image component sizes


      Code (inc. data)   RO Data    RW Data    ZI Data      Debug   Object Name

       132         14          0          0          0       1215   bsp.o
       572         22          0          0         20       2653   can.o
        52          0          0          0          0        320   cpu_a.o
       680         14        260          4         16      14723   cpu_core.o
       328         24          0          4          0       1885   delay.o
       162          0          0          0          0       1543   dma.o
        44          0          0          0          0        694   iwdg.o
       260         12          0          1          0        880   key.o
        64          6          0          0          0        527   led.o
       598          0          0          0          0       3968   lib_ascii.o
      2502         32          0          4       1096      22360   lib_mem.o
       544          0          0          0          0        464   lib_mem_a.o
      2348          6        148          0          0      13894   lib_str.o
      1000        326          0          0       4840     344871   main.o
       224         20          0          0          0       1957   misc.o
       456         56          0          8          0       2794   move.o
       252        166        164          0       5264      20898   os_cfg_app.o
      3568        284          0          0          0      12625   os_core.o
       172         32          0          0          0        388   os_cpu_a.o
      1016         64          0          4          0       4073   os_cpu_c.o
       432        286        364          0          0       4761   os_dbg.o
      3624        110          0          0          0       8259   os_flag.o
      1092        146          0          0          0       2368   os_int.o
       568         20          0          0          0       2888   os_mem.o
       556         12          0          0          0       2875   os_msg.o
      2772        114          0          0          0       5794   os_mutex.o
       124          4          0          8          0       1904   os_prio.o
      2264         76          0          0          0       6556   os_q.o
      2096         70          0          0          0       6576   os_sem.o
      1592        180          0          0          0       2849   os_stat.o
      7092        270          0          0          0      14402   os_task.o
      1276         90          0          0          0       3465   os_tick.o
      1380         46          0          0          0       3321   os_time.o
      2072        140          0          0          0       6702   os_tmr.o
         0          0          0        200       1760      19333   os_var.o
       480          6          0          0          0       1722   respond.o
       796          8          0          0          0       3436   servo.o
        64         26        392          0       1536        828   startup_stm32f40_41xxx.o
      2544         38          0          0          0       8280   stm32f4xx_can.o
       936         32          0          0          0       6529   stm32f4xx_dma.o
       660         44          0          0          0       4293   stm32f4xx_gpio.o
        22          0          0          0          0       1035   stm32f4xx_it.o
        64          6          0          0          0       1393   stm32f4xx_iwdg.o
      1628         52          0         16          0      13196   stm32f4xx_rcc.o
      3234         60          0          0          0      23148   stm32f4xx_tim.o
      1108         34          0          0          0       8020   stm32f4xx_usart.o
       372         42          0          2        128       3866   system.o
       528         46          0         20          0       1779   system_stm32f4xx.o
       628         44          0          0         48       3110   undm.o
       488         28          0          8         36       3893   usart.o

    ----------------------------------------------------------------------
     55476       3108       1360        284      14744     629313   Object Totals
         0          0         32          0          0          0   (incl. Generated)
        10          0          0          5          0          0   (incl. Padding)

    ----------------------------------------------------------------------

      Code (inc. data)   RO Data    RW Data    ZI Data      Debug   Library Member Name

         8          0          0          0          0         68   __main.o
       104          0          0          0          0         84   __printf.o
         0          0          0          0          0          0   __rtentry.o
        12          0          0          0          0          0   __rtentry2.o
         6          0          0          0          0          0   __rtentry4.o
        52          8          0          0          0          0   __scatter.o
        26          0          0          0          0          0   __scatter_copy.o
        28          0          0          0          0          0   __scatter_zi.o
        48          6          0          0          0         96   _printf_char_common.o
        36          4          0          0          0         80   _printf_char_file.o
         0          0          0          0          0          0   _printf_percent.o
         4          0          0          0          0          0   _printf_percent_end.o
        18          0          0          0          0         80   exit.o
         8          0          0          0          0         68   ferror.o
         6          0          0          0          0        152   heapauxi.o
         2          0          0          0          0          0   libinit.o
         6          0          0          0          0          0   libinit2.o
         2          0          0          0          0          0   libshutdown.o
         2          0          0          0          0          0   libshutdown2.o
         8          4          0          0         96         68   libspace.o
       238          0          0          0          0        100   lludivv7m.o
        24          4          0          0          0         84   noretval__2printf.o
       138          0          0          0          0         68   rt_memcpy_v6.o
       100          0          0          0          0         80   rt_memcpy_w.o
         2          0          0          0          0          0   rtexit.o
        10          0          0          0          0          0   rtexit2.o
        74          0          0          0          0         80   sys_stackheap_outer.o
         2          0          0          0          0         68   use_no_semi.o
         2          0          0          0          0         68   use_no_semi_2.o
        98          4          0          0          0        140   d2f.o
       826         16          0          0          0        492   daddsub_clz.o
        24          0          0          0          0        116   dcmpi.o
       688        140          0          0          0        256   ddiv.o
       120          4          0          0          0        140   deqf.o
        94          4          0          0          0        140   dfix.o
        38          0          0          0          0        116   dflt_clz.o
       340         12          0          0          0        152   dmul.o
       156          4          0          0          0        140   dnaninf.o
        12          0          0          0          0        116   dretinf.o
        86          4          0          0          0        132   f2d.o
       140          4          0          0          0        132   fnaninf.o
        10          0          0          0          0        116   fpinit.o
        10          0          0          0          0        116   fretinf.o
         0          0          0          0          0          0   usenofp.o

    ----------------------------------------------------------------------
      3620        218          0          0        100       3548   Library Totals
        12          0          0          0          4          0   (incl. Padding)

    ----------------------------------------------------------------------

      Code (inc. data)   RO Data    RW Data    ZI Data      Debug   Library Name

       966         26          0          0         96       1244   c_w.l
      2642        192          0          0          0       2304   fz_wm.l

    ----------------------------------------------------------------------
      3620        218          0          0        100       3548   Library Totals

    ----------------------------------------------------------------------

==============================================================================


      Code (inc. data)   RO Data    RW Data    ZI Data      Debug   

     59096       3326       1360        284      14844     620789   Grand Totals
     59096       3326       1360        284      14844     620789   ELF Image Totals
     59096       3326       1360        284          0          0   ROM Totals

==============================================================================

    Total RO  Size (Code + RO Data)                60456 (  59.04kB)
    Total RW  Size (RW Data + ZI Data)             15128 (  14.77kB)
    Total ROM Size (Code + RO Data + RW Data)      60740 (  59.32kB)

==============================================================================

